Component: ARM Compiler 5.06 update 6 (build 750) Tool: armlink [4d35ed]

==============================================================================

Section Cross References

    startup_stm32f407xx.o(RESET) refers to startup_stm32f407xx.o(STACK) for __initial_sp
    startup_stm32f407xx.o(RESET) refers to startup_stm32f407xx.o(.text) for Reset_Handler
    startup_stm32f407xx.o(RESET) refers to stm32f4xx_it.o(i.NMI_Handler) for NMI_Handler
    startup_stm32f407xx.o(RESET) refers to stm32f4xx_it.o(i.HardFault_Handler) for HardFault_Handler
    startup_stm32f407xx.o(RESET) refers to stm32f4xx_it.o(i.MemManage_Handler) for MemManage_Handler
    startup_stm32f407xx.o(RESET) refers to stm32f4xx_it.o(i.BusFault_Handler) for BusFault_Handler
    startup_stm32f407xx.o(RESET) refers to stm32f4xx_it.o(i.UsageFault_Handler) for UsageFault_Handler
    startup_stm32f407xx.o(RESET) refers to stm32f4xx_it.o(i.SVC_Handler) for SVC_Handler
    startup_stm32f407xx.o(RESET) refers to stm32f4xx_it.o(i.DebugMon_Handler) for DebugMon_Handler
    startup_stm32f407xx.o(RESET) refers to os_cpu_a.o(CODE) for OS_CPU_PendSVHandler
    startup_stm32f407xx.o(RESET) refers to os_cpu_c.o(i.OS_CPU_SysTickHandler) for OS_CPU_SysTickHandler
    startup_stm32f407xx.o(RESET) refers to stm32f4xx_it.o(i.TIM7_IRQHandler) for TIM7_IRQHandler
    startup_stm32f407xx.o(.text) refers to system_stm32f4xx.o(i.SystemInit) for SystemInit
    startup_stm32f407xx.o(.text) refers to entry.o(.ARM.Collect$$$$00000000) for __main
    main.o(i.HAL_TIM_PeriodElapsedCallback) refers to stm32f4xx_hal.o(i.HAL_IncTick) for HAL_IncTick
    main.o(i.SystemClock_Config) refers to memseta.o(.text) for __aeabi_memclr4
    main.o(i.SystemClock_Config) refers to stm32f4xx_hal_rcc.o(i.HAL_RCC_OscConfig) for HAL_RCC_OscConfig
    main.o(i.SystemClock_Config) refers to stm32f4xx_hal_rcc.o(i.HAL_RCC_ClockConfig) for HAL_RCC_ClockConfig
    main.o(i.main) refers to stm32f4xx_hal.o(i.HAL_Init) for HAL_Init
    main.o(i.main) refers to main.o(i.SystemClock_Config) for SystemClock_Config
    main.o(i.main) refers to gpio.o(i.MX_GPIO_Init) for MX_GPIO_Init
    main.o(i.main) refers to usart.o(i.MX_USART1_UART_Init) for MX_USART1_UART_Init
    main.o(i.main) refers to app.o(i.MX_UCOS_Init) for MX_UCOS_Init
    gpio.o(i.MX_GPIO_Init) refers to memseta.o(.text) for __aeabi_memclr4
    gpio.o(i.MX_GPIO_Init) refers to stm32f4xx_hal_gpio.o(i.HAL_GPIO_WritePin) for HAL_GPIO_WritePin
    gpio.o(i.MX_GPIO_Init) refers to stm32f4xx_hal_gpio.o(i.HAL_GPIO_Init) for HAL_GPIO_Init
    usart.o(i.HAL_UART_MspDeInit) refers to stm32f4xx_hal_gpio.o(i.HAL_GPIO_DeInit) for HAL_GPIO_DeInit
    usart.o(i.HAL_UART_MspInit) refers to memseta.o(.text) for __aeabi_memclr4
    usart.o(i.HAL_UART_MspInit) refers to stm32f4xx_hal_gpio.o(i.HAL_GPIO_Init) for HAL_GPIO_Init
    usart.o(i.MX_USART1_UART_Init) refers to stm32f4xx_hal_uart.o(i.HAL_UART_Init) for HAL_UART_Init
    usart.o(i.MX_USART1_UART_Init) refers to main.o(i.Error_Handler) for Error_Handler
    usart.o(i.MX_USART1_UART_Init) refers to usart.o(.bss) for .bss
    usart.o(i.fputc) refers to stm32f4xx_hal_uart.o(i.HAL_UART_Transmit) for HAL_UART_Transmit
    usart.o(i.fputc) refers to usart.o(.bss) for .bss
    stm32f4xx_it.o(i.TIM7_IRQHandler) refers to stm32f4xx_hal_tim.o(i.HAL_TIM_IRQHandler) for HAL_TIM_IRQHandler
    stm32f4xx_it.o(i.TIM7_IRQHandler) refers to stm32f4xx_hal_timebase_tim.o(.bss) for htim7
    stm32f4xx_hal_timebase_tim.o(i.HAL_InitTick) refers to stm32f4xx_hal_cortex.o(i.HAL_NVIC_SetPriority) for HAL_NVIC_SetPriority
    stm32f4xx_hal_timebase_tim.o(i.HAL_InitTick) refers to stm32f4xx_hal_cortex.o(i.HAL_NVIC_EnableIRQ) for HAL_NVIC_EnableIRQ
    stm32f4xx_hal_timebase_tim.o(i.HAL_InitTick) refers to stm32f4xx_hal_rcc.o(i.HAL_RCC_GetClockConfig) for HAL_RCC_GetClockConfig
    stm32f4xx_hal_timebase_tim.o(i.HAL_InitTick) refers to stm32f4xx_hal_rcc.o(i.HAL_RCC_GetPCLK1Freq) for HAL_RCC_GetPCLK1Freq
    stm32f4xx_hal_timebase_tim.o(i.HAL_InitTick) refers to stm32f4xx_hal_tim.o(i.HAL_TIM_Base_Init) for HAL_TIM_Base_Init
    stm32f4xx_hal_timebase_tim.o(i.HAL_InitTick) refers to stm32f4xx_hal_tim.o(i.HAL_TIM_Base_Start_IT) for HAL_TIM_Base_Start_IT
    stm32f4xx_hal_timebase_tim.o(i.HAL_InitTick) refers to stm32f4xx_hal_timebase_tim.o(.bss) for .bss
    stm32f4xx_hal_timebase_tim.o(i.HAL_ResumeTick) refers to stm32f4xx_hal_timebase_tim.o(.bss) for .bss
    stm32f4xx_hal_timebase_tim.o(i.HAL_SuspendTick) refers to stm32f4xx_hal_timebase_tim.o(.bss) for .bss
    stm32f4xx_hal_tim.o(i.HAL_TIM_Base_DeInit) refers to stm32f4xx_hal_tim.o(i.HAL_TIM_Base_MspDeInit) for HAL_TIM_Base_MspDeInit
    stm32f4xx_hal_tim.o(i.HAL_TIM_Base_Init) refers to stm32f4xx_hal_tim.o(i.HAL_TIM_Base_MspInit) for HAL_TIM_Base_MspInit
    stm32f4xx_hal_tim.o(i.HAL_TIM_Base_Init) refers to stm32f4xx_hal_tim.o(i.TIM_Base_SetConfig) for TIM_Base_SetConfig
[...]
    i.OSMutexCreate                          0x08001360   Section        0  os_mutex.o(i.OSMutexCreate)
    i.OSMutexPend                            0x080013cc   Section        0  os_mutex.o(i.OSMutexPend)
    i.OSMutexPost                            0x0800156c   Section        0  os_mutex.o(i.OSMutexPost)
    i.OSSched                                0x08001694   Section        0  os_core.o(i.OSSched)
    i.OSSchedLock                            0x08001708   Section        0  os_core.o(i.OSSchedLock)
    i.OSSchedUnlock                          0x0800175c   Section        0  os_core.o(i.OSSchedUnlock)
    i.OSStart                                0x080017c4   Section        0  os_core.o(i.OSStart)
    i.OSStatReset                            0x0800181c   Section        0  os_stat.o(i.OSStatReset)
    i.OSStatTaskCPUUsageInit                 0x080018d0   Section        0  os_stat.o(i.OSStatTaskCPUUsageInit)
    i.OSStatTaskHook                         0x0800196c   Section        0  os_cpu_c.o(i.OSStatTaskHook)
    i.OSTaskCreate                           0x0800197c   Section        0  os_task.o(i.OSTaskCreate)
    i.OSTaskCreateHook                       0x08001acc   Section        0  os_cpu_c.o(i.OSTaskCreateHook)
    i.OSTaskDel                              0x08001adc   Section        0  os_task.o(i.OSTaskDel)
    i.OSTaskDelHook                          0x08001ba8   Section        0  os_cpu_c.o(i.OSTaskDelHook)
    i.OSTaskResume                           0x08001bb8   Section        0  os_task.o(i.OSTaskResume)
    i.OSTaskReturnHook                       0x08001c00   Section        0  os_cpu_c.o(i.OSTaskReturnHook)
    i.OSTaskSemPend                          0x08001c10   Section        0  os_task.o(i.OSTaskSemPend)
    i.OSTaskSemPost                          0x08001d30   Section        0  os_task.o(i.OSTaskSemPost)
    i.OSTaskStkChk                           0x08001d60   Section        0  os_task.o(i.OSTaskStkChk)
    i.OSTaskStkInit                          0x08001df4   Section        0  os_cpu_c.o(i.OSTaskStkInit)
    i.OSTaskSuspend                          0x08001f9c   Section        0  os_task.o(i.OSTaskSuspend)
    i.OSTaskSwHook                           0x08001fc4   Section        0  os_cpu_c.o(i.OSTaskSwHook)
    i.OSTimeDly                              0x0800203c   Section        0  os_time.o(i.OSTimeDly)
    i.OSTimeTick                             0x080020c4   Section        0  os_time.o(i.OSTimeTick)
    i.OSTimeTickHook                         0x08002100   Section        0  os_cpu_c.o(i.OSTimeTickHook)
    i.OS_CPU_SysTickHandler                  0x08002110   Section        0  os_cpu_c.o(i.OS_CPU_SysTickHandler)
    i.OS_CPU_SysTickInit                     0x08002134   Section        0  os_cpu_c.o(i.OS_CPU_SysTickInit)
    i.OS_Dbg_Init                            0x0800215c   Section        0  os_dbg.o(i.OS_Dbg_Init)
    i.OS_FlagInit                            0x08002160   Section        0  os_flag.o(i.OS_FlagInit)
    i.OS_IdleTask                            0x08002178   Section        0  os_core.o(i.OS_IdleTask)
    i.OS_IdleTaskInit                        0x080021a0   Section        0  os_core.o(i.OS_IdleTaskInit)
    i.OS_MemInit                             0x08002208   Section        0  os_mem.o(i.OS_MemInit)
    i.OS_MsgPoolInit                         0x08002220   Section        0  os_msg.o(i.OS_MsgPoolInit)
    i.OS_MsgQFreeAll                         0x08002288   Section        0  os_msg.o(i.OS_MsgQFreeAll)
    i.OS_MsgQInit                            0x080022bc   Section        0  os_msg.o(i.OS_MsgQInit)
    i.OS_MutexDbgListAdd                     0x080022cc   Section        0  os_mutex.o(i.OS_MutexDbgListAdd)
    i.OS_MutexInit                           0x080022f0   Section        0  os_mutex.o(i.OS_MutexInit)
    i.OS_Pend                                0x08002308   Section        0  os_core.o(i.OS_Pend)
    i.OS_PendDataInit                        0x08002358   Section        0  os_core.o(i.OS_PendDataInit)
    i.OS_PendDbgNameAdd                      0x08002388   Section        0  os_core.o(i.OS_PendDbgNameAdd)
    i.OS_PendDbgNameRemove                   0x080023d0   Section        0  os_core.o(i.OS_PendDbgNameRemove)
    i.OS_PendListChangePrio                  0x080023ec   Section        0  os_core.o(i.OS_PendListChangePrio)
    i.OS_PendListInit                        0x0800241e   Section        0  os_core.o(i.OS_PendListInit)
    i.OS_PendListInsertPrio                  0x08002428   Section        0  os_core.o(i.OS_PendListInsertPrio)
    i.OS_PendListRemove                      0x08002482   Section        0  os_core.o(i.OS_PendListRemove)
    i.OS_PendListRemove1                     0x080024a8   Section        0  os_core.o(i.OS_PendListRemove1)
    i.OS_Post                                0x080024de   Section        0  os_core.o(i.OS_Post)
    i.OS_Post1                               0x08002590   Section        0  os_core.o(i.OS_Post1)
    i.OS_PrioGetHighest                      0x080025b8   Section        0  os_prio.o(i.OS_PrioGetHighest)
    i.OS_PrioInit                            0x080025dc   Section        0  os_prio.o(i.OS_PrioInit)
    i.OS_PrioInsert                          0x080025f4   Section        0  os_prio.o(i.OS_PrioInsert)
    i.OS_PrioRemove                          0x08002614   Section        0  os_prio.o(i.OS_PrioRemove)
    i.OS_QInit                               0x08002634   Section        0  os_q.o(i.OS_QInit)
    i.OS_RdyListInit                         0x0800264c   Section        0  os_core.o(i.OS_RdyListInit)
    i.OS_RdyListInsert                       0x08002670   Section        0  os_core.o(i.OS_RdyListInsert)
    i.OS_RdyListInsertHead                   0x080026a0   Section        0  os_core.o(i.OS_RdyListInsertHead)
    i.OS_RdyListInsertTail                   0x080026d8   Section        0  os_core.o(i.OS_RdyListInsertTail)
    i.OS_RdyListRemove                       0x0800270c   Section        0  os_core.o(i.OS_RdyListRemove)
    i.OS_SchedLockTimeMeasStart              0x08002760   Section        0  os_core.o(i.OS_SchedLockTimeMeasStart)
    i.OS_SchedLockTimeMeasStop               0x0800277c   Section        0  os_core.o(i.OS_SchedLockTimeMeasStop)
    i.OS_SemInit                             0x080027b8   Section        0  os_sem.o(i.OS_SemInit)
    i.OS_StatTask                            0x080027d0   Section        0  os_stat.o(i.OS_StatTask)
    i.OS_StatTaskInit                        0x080029c8   Section        0  os_stat.o(i.OS_StatTaskInit)
    i.OS_TaskBlock                           0x08002a84   Section        0  os_core.o(i.OS_TaskBlock)
    i.OS_TaskDbgListAdd                      0x08002aac   Section        0  os_task.o(i.OS_TaskDbgListAdd)
    i.OS_TaskDbgListRemove                   0x08002ad0   Section        0  os_task.o(i.OS_TaskDbgListRemove)
    i.OS_TaskInit                            0x08002b08   Section        0  os_task.o(i.OS_TaskInit)
    i.OS_TaskInitTCB                         0x08002b28   Section        0  os_task.o(i.OS_TaskInitTCB)
    i.OS_TaskResume                          0x08002bd0   Section        0  os_task.o(i.OS_TaskResume)
    i.OS_TaskReturn                          0x08002c78   Section        0  os_task.o(i.OS_TaskReturn)
    i.OS_TaskSemPost                         0x08002c90   Section        0  os_task.o(i.OS_TaskSemPost)
    i.OS_TaskSuspend                         0x08002d28   Section        0  os_task.o(i.OS_TaskSuspend)
    i.OS_TickListInsert                      0x08002dc0   Section        0  os_tick.o(i.OS_TickListInsert)
    i.OS_TickListInsertDly                   0x08002e20   Section        0  os_tick.o(i.OS_TickListInsertDly)
    i.OS_TickListRemove                      0x08002e9c   Section        0  os_tick.o(i.OS_TickListRemove)
    i.OS_TickListResetPeak                   0x08002edc   Section        0  os_tick.o(i.OS_TickListResetPeak)
    i.OS_TickListUpdateDly                   0x08002ee0   Section        0  os_tick.o(i.OS_TickListUpdateDly)
    OS_TickListUpdateDly                     0x08002ee1   Thumb Code   120  os_tick.o(i.OS_TickListUpdateDly)
    i.OS_TickListUpdateTimeout               0x08002f5c   Section        0  os_tick.o(i.OS_TickListUpdateTimeout)
    OS_TickListUpdateTimeout                 0x08002f5d   Thumb Code   170  os_tick.o(i.OS_TickListUpdateTimeout)
    i.OS_TickTask                            0x0800300c   Section        0  os_tick.o(i.OS_TickTask)
    i.OS_TickTaskInit                        0x08003060   Section        0  os_tick.o(i.OS_TickTaskInit)
    i.OS_TmrInit                             0x08003114   Section        0  os_tmr.o(i.OS_TmrInit)
    i.OS_TmrLock                             0x0800322c   Section        0  os_tmr.o(i.OS_TmrLock)
    OS_TmrLock                               0x0800322d   Thumb Code    20  os_tmr.o(i.OS_TmrLock)
    i.OS_TmrResetPeak                        0x08003244   Section        0  os_tmr.o(i.OS_TmrResetPeak)
    i.OS_TmrTask                             0x08003248   Section        0  os_tmr.o(i.OS_TmrTask)
    i.OS_TmrUnlink                           0x080032e0   Section        0  os_tmr.o(i.OS_TmrUnlink)
    i.OS_TmrUnlock                           0x0800331c   Section        0  os_tmr.o(i.OS_TmrUnlock)
    OS_TmrUnlock                             0x0800331d   Thumb Code    14  os_tmr.o(i.OS_TmrUnlock)
    i.SVC_Handler                            0x08003330   Section        0  stm32f4xx_it.o(i.SVC_Handler)
    i.SystemClock_Config                     0x08003334   Section        0  main.o(i.SystemClock_Config)
    i.SystemInit                             0x080033cc   Section        0  system_stm32f4xx.o(i.SystemInit)
    i.TIM7_IRQHandler                        0x080033dc   Section        0  stm32f4xx_it.o(i.TIM7_IRQHandler)
    i.TIM_Base_SetConfig                     0x080033e8   Section        0  stm32f4xx_hal_tim.o(i.TIM_Base_SetConfig)
    i.UART_SetConfig                         0x080034b0   Section        0  stm32f4xx_hal_uart.o(i.UART_SetConfig)
    UART_SetConfig                           0x080034b1   Thumb Code   258  stm32f4xx_hal_uart.o(i.UART_SetConfig)
    i.UsageFault_Handler                     0x080035bc   Section        0  stm32f4xx_it.o(i.UsageFault_Handler)
    i.__NVIC_SetPriority                     0x080035be   Section        0  stm32f4xx_hal_cortex.o(i.__NVIC_SetPriority)
    __NVIC_SetPriority                       0x080035bf   Thumb Code    32  stm32f4xx_hal_cortex.o(i.__NVIC_SetPriority)
    i.__scatterload_copy                     0x080035de   Section       14  handlers.o(i.__scatterload_copy)
    i.__scatterload_null                     0x080035ec   Section        2  handlers.o(i.__scatterload_null)
    i.__scatterload_zeroinit                 0x080035ee   Section       14  handlers.o(i.__scatterload_zeroinit)
    i.led0_task                              0x080035fc   Section        0  app.o(i.led0_task)
    i.led1_task                              0x08003620   Section        0  app.o(i.led1_task)
    i.main                                   0x08003644   Section        0  main.o(i.main)
    i.start_task                             0x0800365c   Section        0  app.o(i.start_task)
    .constdata                               0x08003704   Section       16  system_stm32f4xx.o(.constdata)
    .constdata                               0x08003714   Section        8  system_stm32f4xx.o(.constdata)
    .constdata                               0x0800371c   Section        4  os_cfg_app.o(.constdata)
    .constdata                               0x08003720   Section        4  os_cfg_app.o(.constdata)
    .constdata                               0x08003724   Section        4  os_cfg_app.o(.constdata)
    .constdata                               0x08003728   Section        4  os_cfg_app.o(.constdata)
    .constdata                               0x0800372c   Section        4  os_cfg_app.o(.constdata)
    .constdata                               0x08003730   Section        2  os_cfg_app.o(.constdata)
    .constdata                               0x08003734   Section        4  os_cfg_app.o(.constdata)
    .constdata                               0x08003738   Section        1  os_cfg_app.o(.constdata)
    .constdata                               0x0800373c   Section        4  os_cfg_app.o(.constdata)
    .constdata                               0x08003740   Section        4  os_cfg_app.o(.constdata)
    .constdata                               0x08003744   Section        4  os_cfg_app.o(.constdata)
    .constdata                               0x08003748   Section        4  os_cfg_app.o(.constdata)
    .constdata                               0x0800374c   Section        4  os_cfg_app.o(.constdata)
    .constdata                               0x08003750   Section        4  os_cfg_app.o(.constdata)
    .constdata                               0x08003754   Section        1  os_cfg_app.o(.constdata)
    .constdata                               0x08003758   Section        4  os_cfg_app.o(.constdata)
    .constdata                               0x0800375c   Section        4  os_cfg_app.o(.constdata)
    .constdata                               0x08003760   Section        4  os_cfg_app.o(.constdata)
    .constdata                               0x08003764   Section        1  os_cfg_app.o(.constdata)
    .constdata                               0x08003768   Section        4  os_cfg_app.o(.constdata)
    .constdata                               0x0800376c   Section        4  os_cfg_app.o(.constdata)
    .constdata                               0x08003770   Section        4  os_cfg_app.o(.constdata)
    .constdata                               0x08003774   Section        4  os_cfg_app.o(.constdata)
    .data                                    0x20000000   Section       12  stm32f4xx_hal.o(.data)
    .data                                    0x2000000c   Section        4  system_stm32f4xx.o(.data)
    .data                                    0x20000010   Section        8  os_prio.o(.data)
    .data                                    0x20000018   Section        4  os_var.o(.data)
    .data                                    0x2000001c   Section        4  os_var.o(.data)
    .data                                    0x20000020   Section        4  os_var.o(.data)
    .data                                    0x20000024   Section        4  os_var.o(.data)
    .data                                    0x20000028   Section        4  os_var.o(.data)
    .data                                    0x2000002c   Section        4  os_var.o(.data)
    .data                                    0x20000030   Section        4  os_var.o(.data)
    .data                                    0x20000034   Section        4  os_var.o(.data)
    .data                                    0x20000038   Section        1  os_var.o(.data)
    .data                                    0x20000039   Section        1  os_var.o(.data)
    .data                                    0x2000003c   Section        4  os_var.o(.data)
    .data                                    0x20000040   Section        2  os_var.o(.data)
    .data                                    0x20000044   Section        4  os_var.o(.data)
    .data                                    0x20000048   Section        2  os_var.o(.data)
    .data                                    0x2000004c   Section        4  os_var.o(.data)
    .data                                    0x20000050   Section        2  os_var.o(.data)
    .data                                    0x20000052   Section        1  os_var.o(.data)
    .data                                    0x20000053   Section        1  os_var.o(.data)
    .data                                    0x20000054   Section        1  os_var.o(.data)
    .data                                    0x20000058   Section        4  os_var.o(.data)
    .data                                    0x2000005c   Section        2  os_var.o(.data)
    .data                                    0x20000060   Section        4  os_var.o(.data)
    .data                                    0x20000064   Section        4  os_var.o(.data)
    .data                                    0x20000068   Section        4  os_var.o(.data)
    .data                                    0x2000006c   Section        1  os_var.o(.data)
    .data                                    0x20000070   Section        4  os_var.o(.data)
    .data                                    0x20000074   Section        2  os_var.o(.data)
    .data                                    0x20000076   Section        1  os_var.o(.data)
    .data                                    0x20000078   Section        2  os_var.o(.data)
    .data                                    0x2000007a   Section        2  os_var.o(.data)
    .data                                    0x2000007c   Section        4  os_var.o(.data)
    .data                                    0x20000080   Section        4  os_var.o(.data)
    .data                                    0x20000084   Section        4  os_var.o(.data)
    .data                                    0x20000088   Section        1  os_var.o(.data)
    .data                                    0x2000008c   Section        4  os_var.o(.data)
    .data                                    0x20000090   Section        4  os_var.o(.data)
    .data                                    0x20000094   Section        4  os_var.o(.data)
    .data                                    0x20000098   Section        2  os_var.o(.data)
    .data                                    0x2000009a   Section        1  os_var.o(.data)
    .data                                    0x2000009c   Section        4  os_var.o(.data)
    .data                                    0x200000a0   Section        4  os_var.o(.data)
    .data                                    0x200000a4   Section        8  os_var.o(.data)
    .data                                    0x200000ac   Section        8  os_var.o(.data)
    .data                                    0x200000b4   Section        4  os_var.o(.data)
    .data                                    0x200000b8   Section        2  os_var.o(.data)
    .data                                    0x200000bc   Section        4  os_var.o(.data)
    .data                                    0x200000c0   Section        4  os_var.o(.data)
    .data                                    0x200000c4   Section        4  os_var.o(.data)
    .data                                    0x200000c8   Section        4  os_var.o(.data)
    .data                                    0x200000cc   Section        4  os_var.o(.data)
    .data                                    0x200000d0   Section        4  os_var.o(.data)
    .data                                    0x200000d4   Section        4  os_var.o(.data)
    .data                                    0x200000d8   Section        4  os_cpu_c.o(.data)
    .bss                                     0x200000dc   Section       68  usart.o(.bss)
    .bss                                     0x20000120   Section       72  stm32f4xx_hal_timebase_tim.o(.bss)
    .bss                                     0x20000168   Section     2088  app.o(.bss)
    .bss                                     0x20000990   Section      512  os_cfg_app.o(.bss)
    .bss                                     0x20000b90   Section      512  os_cfg_app.o(.bss)
    .bss                                     0x20000d90   Section     1600  os_cfg_app.o(.bss)
    .bss                                     0x200013d0   Section      512  os_cfg_app.o(.bss)
    .bss                                     0x200015d0   Section      512  os_cfg_app.o(.bss)
    .bss                                     0x200017d0   Section      512  os_cfg_app.o(.bss)
    .bss                                     0x200019d0   Section      184  os_var.o(.bss)
    .bss                                     0x20001a88   Section       12  os_var.o(.bss)
    .bss                                     0x20001a94   Section      768  os_var.o(.bss)
    .bss                                     0x20001d94   Section      184  os_var.o(.bss)
    .bss                                     0x20001e4c   Section      184  os_var.o(.bss)
    .bss                                     0x20001f04   Section       44  os_var.o(.bss)
    .bss                                     0x20001f30   Section      184  os_var.o(.bss)
    STACK                                    0x20001fe8   Section     1024  startup_stm32f407xx.o(STACK)

    Global Symbols

    Symbol Name                              Value     Ov Type        Size  Object(Section)

    BuildAttributes$$THM_ISAv4$E$P$D$K$B$S$7EM$VFPi3$EXTD16$VFPS$VFMA$PE$A:L22UL41UL21$X:L11$S22US41US21$IEEE1$IW$USESV6$~STKCKD$USESV7$~SHL$OSPACE$EBA8$MICROLIB$REQ8$PRES8$EABIv2 0x00000000   Number         0  anon$$obj.o ABSOLUTE
    __ARM_use_no_argv                        0x00000000   Number         0  main.o ABSOLUTE
    __cpp_initialize__aeabi_                  - Undefined Weak Reference
    __cxa_finalize                            - Undefined Weak Reference
    __decompress                              - Undefined Weak Reference
    _clock_init                               - Undefined Weak Reference
    _microlib_exit                            - Undefined Weak Reference
    __Vectors_Size                           0x00000188   Number         0  startup_stm32f407xx.o ABSOLUTE
    __Vectors                                0x08000000   Data           4  startup_stm32f407xx.o(RESET)
    __Vectors_End                            0x08000188   Data           0  startup_stm32f407xx.o(RESET)
    __main                                   0x08000189   Thumb Code     0  entry.o(.ARM.Collect$$$$00000000)
    _main_stk                                0x08000189   Thumb Code     0  entry2.o(.ARM.Collect$$$$00000001)
    _main_scatterload                        0x0800018d   Thumb Code     0  entry5.o(.ARM.Collect$$$$00000004)
    __main_after_scatterload                 0x08000191   Thumb Code     0  entry5.o(.ARM.Collect$$$$00000004)
    _main_clock                              0x08000191   Thumb Code     0  entry7b.o(.ARM.Collect$$$$00000008)
    _main_cpp_init                           0x08000191   Thumb Code     0  entry8b.o(.ARM.Collect$$$$0000000A)
    _main_init                               0x08000191   Thumb Code     0  entry9a.o(.ARM.Collect$$$$0000000B)
    __rt_final_cpp                           0x08000199   Thumb Code     0  entry10a.o(.ARM.Collect$$$$0000000D)
    __rt_final_exit                          0x08000199   Thumb Code     0  entry11a.o(.ARM.Collect$$$$0000000F)
    Reset_Handler                            0x0800019d   Thumb Code    40  startup_stm32f407xx.o(.text)
    ADC_IRQHandler                           0x080001d7   Thumb Code     0  startup_stm32f407xx.o(.text)
    CAN1_RX0_IRQHandler                      0x080001d7   Thumb Code     0  startup_stm32f407xx.o(.text)
    CAN1_RX1_IRQHandler                      0x080001d7   Thumb Code     0  startup_stm32f407xx.o(.text)
    CAN1_SCE_IRQHandler                      0x080001d7   Thumb Code     0  startup_stm32f407xx.o(.text)
    CAN1_TX_IRQHandler                       0x080001d7   Thumb Code     0  startup_stm32f407xx.o(.text)
    CAN2_RX0_IRQHandler                      0x080001d7   Thumb Code     0  startup_stm32f407xx.o(.text)
    CAN2_RX1_IRQHandler                      0x080001d7   Thumb Code     0  startup_stm32f407xx.o(.text)
    CAN2_SCE_IRQHandler                      0x080001d7   Thumb Code     0  startup_stm32f407xx.o(.text)
    CAN2_TX_IRQHandler                       0x080001d7   Thumb Code     0  startup_stm32f407xx.o(.text)
    DCMI_IRQHandler                          0x080001d7   Thumb Code     0  startup_stm32f407xx.o(.text)
    DMA1_Stream0_IRQHandler                  0x080001d7   Thumb Code     0  startup_stm32f407xx.o(.text)
    DMA1_Stream1_IRQHandler                  0x080001d7   Thumb Code     0  startup_stm32f407xx.o(.text)
    DMA1_Stream2_IRQHandler                  0x080001d7   Thumb Code     0  startup_stm32f407xx.o(.text)
    DMA1_Stream3_IRQHandler                  0x080001d7   Thumb Code     0  startup_stm32f407xx.o(.text)
    DMA1_Stream4_IRQHandler                  0x080001d7   Thumb Code     0  startup_stm32f407xx.o(.text)
    DMA1_Stream5_IRQHandler                  0x080001d7   Thumb Code     0  startup_stm32f407xx.o(.text)
    DMA1_Stream6_IRQHandler                  0x080001d7   Thumb Code     0  startup_stm32f407xx.o(.text)
    DMA1_Stream7_IRQHandler                  0x080001d7   Thumb Code     0  startup_stm32f407xx.o(.text)
    DMA2_Stream0_IRQHandler                  0x080001d7   Thumb Code     0  startup_stm32f407xx.o(.text)
    DMA2_Stream1_IRQHandler                  0x080001d7   Thumb Code     0  startup_stm32f407xx.o(.text)
    DMA2_Stream2_IRQHandler                  0x080001d7   Thumb Code     0  startup_stm32f407xx.o(.text)
    DMA2_Stream3_IRQHandler                  0x080001d7   Thumb Code     0  startup_stm32f407xx.o(.text)
    DMA2_Stream4_IRQHandler                  0x080001d7   Thumb Code     0  startup_stm32f407xx.o(.text)
    DMA2_Stream5_IRQHandler                  0x080001d7   Thumb Code     0  startup_stm32f407xx.o(.text)
    DMA2_Stream6_IRQHandler                  0x080001d7   Thumb Code     0  startup_stm32f407xx.o(.text)
    DMA2_Stream7_IRQHandler                  0x080001d7   Thumb Code     0  startup_stm32f407xx.o(.text)
    ETH_IRQHandler                           0x080001d7   Thumb Code     0  startup_stm32f407xx.o(.text)
    ETH_WKUP_IRQHandler                      0x080001d7   Thumb Code     0  startup_stm32f407xx.o(.text)
    EXTI0_IRQHandler                         0x080001d7   Thumb Code     0  startup_stm32f407xx.o(.text)
    EXTI15_10_IRQHandler                     0x080001d7   Thumb Code     0  startup_stm32f407xx.o(.text)
    EXTI1_IRQHandler                         0x080001d7   Thumb Code     0  startup_stm32f407xx.o(.text)
    EXTI2_IRQHandler                         0x080001d7   Thumb Code     0  startup_stm32f407xx.o(.text)
    EXTI3_IRQHandler                         0x080001d7   Thumb Code     0  startup_stm32f407xx.o(.text)
    EXTI4_IRQHandler                         0x080001d7   Thumb Code     0  startup_stm32f407xx.o(.text)
    EXTI9_5_IRQHandler                       0x080001d7   Thumb Code     0  startup_stm32f407xx.o(.text)
    FLASH_IRQHandler                         0x080001d7   Thumb Code     0  startup_stm32f407xx.o(.text)
    FMC_IRQHandler                           0x080001d7   Thumb Code     0  startup_stm32f407xx.o(.text)
    FPU_IRQHandler                           0x080001d7   Thumb Code     0  startup_stm32f407xx.o(.text)
    HASH_RNG_IRQHandler                      0x080001d7   Thumb Code     0  startup_stm32f407xx.o(.text)
    I2C1_ER_IRQHandler                       0x080001d7   Thumb Code     0  startup_stm32f407xx.o(.text)
    I2C1_EV_IRQHandler                       0x080001d7   Thumb Code     0  startup_stm32f407xx.o(.text)
    I2C2_ER_IRQHandler                       0x080001d7   Thumb Code     0  startup_stm32f407xx.o(.text)
    I2C2_EV_IRQHandler                       0x080001d7   Thumb Code     0  startup_stm32f407xx.o(.text)
    I2C3_ER_IRQHandler                       0x080001d7   Thumb Code     0  startup_stm32f407xx.o(.text)
    I2C3_EV_IRQHandler                       0x080001d7   Thumb Code     0  startup_stm32f407xx.o(.text)
    OTG_FS_IRQHandler                        0x080001d7   Thumb Code     0  startup_stm32f407xx.o(.text)
    OTG_FS_WKUP_IRQHandler                   0x080001d7   Thumb Code     0  startup_stm32f407xx.o(.text)
    OTG_HS_EP1_IN_IRQHandler                 0x080001d7   Thumb Code     0  startup_stm32f407xx.o(.text)
    OTG_HS_EP1_OUT_IRQHandler                0x080001d7   Thumb Code     0  startup_stm32f407xx.o(.text)
    OTG_HS_IRQHandler                        0x080001d7   Thumb Code     0  startup_stm32f407xx.o(.text)
    OTG_HS_WKUP_IRQHandler                   0x080001d7   Thumb Code     0  startup_stm32f407xx.o(.text)
    PVD_IRQHandler                           0x080001d7   Thumb Code     0  startup_stm32f407xx.o(.text)
    RCC_IRQHandler                           0x080001d7   Thumb Code     0  startup_stm32f407xx.o(.text)
    RTC_Alarm_IRQHandler                     0x080001d7   Thumb Code     0  startup_stm32f407xx.o(.text)
    RTC_WKUP_IRQHandler                      0x080001d7   Thumb Code     0  startup_stm32f407xx.o(.text)
    SDIO_IRQHandler                          0x080001d7   Thumb Code     0  startup_stm32f407xx.o(.text)
    SPI1_IRQHandler                          0x080001d7   Thumb Code     0  startup_stm32f407xx.o(.text)
    SPI2_IRQHandler                          0x080001d7   Thumb Code     0  startup_stm32f407xx.o(.text)
    SPI3_IRQHandler                          0x080001d7   Thumb Code     0  startup_stm32f407xx.o(.text)
    TAMP_STAMP_IRQHandler                    0x080001d7   Thumb Code     0  startup_stm32f407xx.o(.text)
    TIM1_BRK_TIM9_IRQHandler                 0x080001d7   Thumb Code     0  startup_stm32f407xx.o(.text)
    TIM1_CC_IRQHandler                       0x080001d7   Thumb Code     0  startup_stm32f407xx.o(.text)
    TIM1_TRG_COM_TIM11_IRQHandler            0x080001d7   Thumb Code     0  startup_stm32f407xx.o(.text)
    TIM1_UP_TIM10_IRQHandler                 0x080001d7   Thumb Code     0  startup_stm32f407xx.o(.text)
    TIM2_IRQHandler                          0x080001d7   Thumb Code     0  startup_stm32f407xx.o(.text)
    TIM3_IRQHandler                          0x080001d7   Thumb Code     0  startup_stm32f407xx.o(.text)
    TIM4_IRQHandler                          0x080001d7   Thumb Code     0  startup_stm32f407xx.o(.text)
    TIM5_IRQHandler                          0x080001d7   Thumb Code     0  startup_stm32f407xx.o(.text)
    TIM6_DAC_IRQHandler                      0x080001d7   Thumb Code     0  startup_stm32f407xx.o(.text)
    TIM8_BRK_TIM12_IRQHandler                0x080001d7   Thumb Code     0  startup_stm32f407xx.o(.text)
    TIM8_CC_IRQHandler                       0x080001d7   Thumb Code     0  startup_stm32f407xx.o(.text)
    TIM8_TRG_COM_TIM14_IRQHandler            0x080001d7   Thumb Code     0  startup_stm32f407xx.o(.text)
    TIM8_UP_TIM13_IRQHandler                 0x080001d7   Thumb Code     0  startup_stm32f407xx.o(.text)
    UART4_IRQHandler                         0x080001d7   Thumb Code     0  startup_stm32f407xx.o(.text)
    UART5_IRQHandler                         0x080001d7   Thumb Code     0  startup_stm32f407xx.o(.text)
    USART1_IRQHandler                        0x080001d7   Thumb Code     0  startup_stm32f407xx.o(.text)
    USART2_IRQHandler                        0x080001d7   Thumb Code     0  startup_stm32f407xx.o(.text)
    USART3_IRQHandler                        0x080001d7   Thumb Code     0  startup_stm32f407xx.o(.text)
    USART6_IRQHandler                        0x080001d7   Thumb Code     0  startup_stm32f407xx.o(.text)
    WWDG_IRQHandler                          0x080001d7   Thumb Code     0  startup_stm32f407xx.o(.text)
    CPU_IntDis                               0x080001e9   Thumb Code     0  cpu_a.o(.text)
    CPU_IntEn                                0x080001ed   Thumb Code     0  cpu_a.o(.text)
    CPU_SR_Save                              0x080001f1   Thumb Code     0  cpu_a.o(.text)
    CPU_SR_Restore                           0x080001f9   Thumb Code     0  cpu_a.o(.text)
    CPU_WaitForInt                           0x080001ff   Thumb Code     0  cpu_a.o(.text)
    CPU_WaitForExcept                        0x08000203   Thumb Code     0  cpu_a.o(.text)
    CPU_CntLeadZeros                         0x08000207   Thumb Code     0  cpu_a.o(.text)
    CPU_CntTrailZeros                        0x0800020d   Thumb Code     0  cpu_a.o(.text)
    CPU_RevBits                              0x08000217   Thumb Code     0  cpu_a.o(.text)
    __aeabi_uldivmod                         0x0800021d   Thumb Code    98  uldiv.o(.text)
    __aeabi_memset                           0x0800027f   Thumb Code    14  memseta.o(.text)
    __aeabi_memset4                          0x0800027f   Thumb Code     0  memseta.o(.text)
    __aeabi_memset8                          0x0800027f   Thumb Code     0  memseta.o(.text)
    __aeabi_memclr                           0x0800028d   Thumb Code     4  memseta.o(.text)
    __aeabi_memclr4                          0x0800028d   Thumb Code     0  memseta.o(.text)
    __aeabi_memclr8                          0x0800028d   Thumb Code     0  memseta.o(.text)
    _memset$wrapper                          0x08000291   Thumb Code    18  memseta.o(.text)
    __aeabi_llsl                             0x080002a3   Thumb Code    30  llshl.o(.text)
    _ll_shift_l                              0x080002a3   Thumb Code     0  llshl.o(.text)
    __aeabi_llsr                             0x080002c1   Thumb Code    32  llushr.o(.text)
    _ll_ushift_r                             0x080002c1   Thumb Code     0  llushr.o(.text)
    __scatterload                            0x080002e1   Thumb Code    28  init.o(.text)
    __scatterload_rt2                        0x080002e1   Thumb Code     0  init.o(.text)
    OS_CPU_FP_Reg_Push                       0x08000305   Thumb Code     0  os_cpu_a.o(CODE)
    OS_CPU_FP_Reg_Pop                        0x0800031f   Thumb Code     0  os_cpu_a.o(CODE)
    OSStartHighRdy                           0x08000331   Thumb Code     0  os_cpu_a.o(CODE)
    OSCtxSw                                  0x08000353   Thumb Code     0  os_cpu_a.o(CODE)
    OSIntCtxSw                               0x0800035d   Thumb Code     0  os_cpu_a.o(CODE)
    OS_CPU_PendSVHandler                     0x08000367   Thumb Code     0  os_cpu_a.o(CODE)
    BSP_Init                                 0x080003c9   Thumb Code     4  bsp.o(i.BSP_Init)
    BSP_Tick_Init                            0x080003cd   Thumb Code    22  bsp.o(i.BSP_Tick_Init)
    BusFault_Handler                         0x080003e9   Thumb Code     2  stm32f4xx_it.o(i.BusFault_Handler)
    CPU_TS_TmrRd                             0x080003ed   Thumb Code     6  bsp.o(i.CPU_TS_TmrRd)
    DebugMon_Handler                         0x080003f9   Thumb Code     2  stm32f4xx_it.o(i.DebugMon_Handler)
    Error_Handler                            0x080003fb   Thumb Code     4  main.o(i.Error_Handler)
    HAL_GPIO_Init                            0x08000401   Thumb Code   450  stm32f4xx_hal_gpio.o(i.HAL_GPIO_Init)
    HAL_GPIO_TogglePin                       0x080005f1   Thumb Code    16  stm32f4xx_hal_gpio.o(i.HAL_GPIO_TogglePin)
    HAL_GPIO_WritePin                        0x08000601   Thumb Code    10  stm32f4xx_hal_gpio.o(i.HAL_GPIO_WritePin)
    HAL_GetTick                              0x0800060d   Thumb Code     6  stm32f4xx_hal.o(i.HAL_GetTick)
    HAL_IncTick                              0x08000619   Thumb Code    12  stm32f4xx_hal.o(i.HAL_IncTick)
    HAL_Init                                 0x08000629   Thumb Code    48  stm32f4xx_hal.o(i.HAL_Init)
    HAL_InitTick                             0x0800065d   Thumb Code   100  stm32f4xx_hal_timebase_tim.o(i.HAL_InitTick)
    HAL_MspInit                              0x080006d1   Thumb Code    42  stm32f4xx_hal_msp.o(i.HAL_MspInit)
    HAL_NVIC_EnableIRQ                       0x08000701   Thumb Code    26  stm32f4xx_hal_cortex.o(i.HAL_NVIC_EnableIRQ)
    HAL_NVIC_SetPriority                     0x0800071d   Thumb Code    60  stm32f4xx_hal_cortex.o(i.HAL_NVIC_SetPriority)
    HAL_NVIC_SetPriorityGrouping             0x0800075d   Thumb Code    26  stm32f4xx_hal_cortex.o(i.HAL_NVIC_SetPriorityGrouping)
    HAL_RCC_ClockConfig                      0x08000781   Thumb Code   288  stm32f4xx_hal_rcc.o(i.HAL_RCC_ClockConfig)
    HAL_RCC_GetClockConfig                   0x080008b5   Thumb Code    54  stm32f4xx_hal_rcc.o(i.HAL_RCC_GetClockConfig)
    HAL_RCC_GetHCLKFreq                      0x080008f5   Thumb Code     6  stm32f4xx_hal_rcc.o(i.HAL_RCC_GetHCLKFreq)
    HAL_RCC_GetPCLK1Freq                     0x08000901   Thumb Code    20  stm32f4xx_hal_rcc.o(i.HAL_RCC_GetPCLK1Freq)
    HAL_RCC_GetPCLK2Freq                     0x08000921   Thumb Code    20  stm32f4xx_hal_rcc.o(i.HAL_RCC_GetPCLK2Freq)
    HAL_RCC_GetSysClockFreq                  0x08000941   Thumb Code    88  stm32f4xx_hal_rcc.o(i.HAL_RCC_GetSysClockFreq)
    HAL_RCC_OscConfig                        0x080009a1   Thumb Code   856  stm32f4xx_hal_rcc.o(i.HAL_RCC_OscConfig)
    HAL_TIMEx_BreakCallback                  0x08000d0d   Thumb Code     2  stm32f4xx_hal_tim_ex.o(i.HAL_TIMEx_BreakCallback)
    HAL_TIMEx_CommutCallback                 0x08000d0f   Thumb Code     2  stm32f4xx_hal_tim_ex.o(i.HAL_TIMEx_CommutCallback)
    HAL_TIM_Base_Init                        0x08000d11   Thumb Code    90  stm32f4xx_hal_tim.o(i.HAL_TIM_Base_Init)
    HAL_TIM_Base_MspInit                     0x08000d6b   Thumb Code     2  stm32f4xx_hal_tim.o(i.HAL_TIM_Base_MspInit)
    HAL_TIM_Base_Start_IT                    0x08000d6d   Thumb Code   100  stm32f4xx_hal_tim.o(i.HAL_TIM_Base_Start_IT)
    HAL_TIM_IC_CaptureCallback               0x08000ded   Thumb Code     2  stm32f4xx_hal_tim.o(i.HAL_TIM_IC_CaptureCallback)
    HAL_TIM_IRQHandler                       0x08000def   Thumb Code   358  stm32f4xx_hal_tim.o(i.HAL_TIM_IRQHandler)
    HAL_TIM_OC_DelayElapsedCallback          0x08000f55   Thumb Code     2  stm32f4xx_hal_tim.o(i.HAL_TIM_OC_DelayElapsedCallback)
    HAL_TIM_PWM_PulseFinishedCallback        0x08000f57   Thumb Code     2  stm32f4xx_hal_tim.o(i.HAL_TIM_PWM_PulseFinishedCallback)
    HAL_TIM_PeriodElapsedCallback            0x08000f59   Thumb Code    14  main.o(i.HAL_TIM_PeriodElapsedCallback)
    HAL_TIM_TriggerCallback                  0x08000f6d   Thumb Code     2  stm32f4xx_hal_tim.o(i.HAL_TIM_TriggerCallback)
    HAL_UART_Init                            0x08000f6f   Thumb Code    98  stm32f4xx_hal_uart.o(i.HAL_UART_Init)
    HAL_UART_MspInit                         0x08000fd1   Thumb Code    94  usart.o(i.HAL_UART_MspInit)
    HardFault_Handler                        0x0800103d   Thumb Code     2  stm32f4xx_it.o(i.HardFault_Handler)
    MX_GPIO_Init                             0x08001041   Thumb Code   102  gpio.o(i.MX_GPIO_Init)
    MX_UCOS_Init                             0x080010b1   Thumb Code    76  app.o(i.MX_UCOS_Init)
    MX_USART1_UART_Init                      0x08001111   Thumb Code    48  usart.o(i.MX_USART1_UART_Init)
    MemManage_Handler                        0x08001149   Thumb Code     2  stm32f4xx_it.o(i.MemManage_Handler)
    NMI_Handler                              0x0800114b   Thumb Code     2  stm32f4xx_it.o(i.NMI_Handler)
    OSCfg_Init                               0x0800114d   Thumb Code     2  os_cfg_app.o(i.OSCfg_Init)
    OSIdleTaskHook                           0x08001151   Thumb Code    12  os_cpu_c.o(i.OSIdleTaskHook)
    OSInit                                   0x08001161   Thumb Code   260  os_core.o(i.OSInit)
    OSInitHook                               0x080012b9   Thumb Code    22  os_cpu_c.o(i.OSInitHook)
    OSIntExit                                0x080012dd   Thumb Code   100  os_core.o(i.OSIntExit)
    OSMutexCreate                            0x08001361   Thumb Code    94  os_mutex.o(i.OSMutexCreate)
    OSMutexPend                              0x080013cd   Thumb Code   398  os_mutex.o(i.OSMutexPend)
    OSMutexPost                              0x0800156d   Thumb Code   280  os_mutex.o(i.OSMutexPost)
    OSSched                                  0x08001695   Thumb Code    86  os_core.o(i.OSSched)
    OSSchedLock                              0x08001709   Thumb Code    72  os_core.o(i.OSSchedLock)
    OSSchedUnlock                            0x0800175d   Thumb Code    92  os_core.o(i.OSSchedUnlock)
    OSStart                                  0x080017c5   Thumb Code    62  os_core.o(i.OSStart)
    OSStatReset                              0x0800181d   Thumb Code   146  os_stat.o(i.OSStatReset)
    OSStatTaskCPUUsageInit                   0x080018d1   Thumb Code   126  os_stat.o(i.OSStatTaskCPUUsageInit)
    OSStatTaskHook                           0x0800196d   Thumb Code    12  os_cpu_c.o(i.OSStatTaskHook)
    OSTaskCreate                             0x0800197d   Thumb Code   314  os_task.o(i.OSTaskCreate)
    OSTaskCreateHook                         0x08001acd   Thumb Code    12  os_cpu_c.o(i.OSTaskCreateHook)
    OSTaskDel                                0x08001add   Thumb Code   188  os_task.o(i.OSTaskDel)
    OSTaskDelHook                            0x08001ba9   Thumb Code    12  os_cpu_c.o(i.OSTaskDelHook)
    OSTaskResume                             0x08001bb9   Thumb Code    62  os_task.o(i.OSTaskResume)
    OSTaskReturnHook                         0x08001c01   Thumb Code    12  os_cpu_c.o(i.OSTaskReturnHook)
    OSTaskSemPend                            0x08001c11   Thumb Code   276  os_task.o(i.OSTaskSemPend)
    OSTaskSemPost                            0x08001d31   Thumb Code    46  os_task.o(i.OSTaskSemPost)
    OSTaskStkChk                             0x08001d61   Thumb Code   138  os_task.o(i.OSTaskStkChk)
    OSTaskStkInit                            0x08001df5   Thumb Code   318  os_cpu_c.o(i.OSTaskStkInit)
    OSTaskSuspend                            0x08001f9d   Thumb Code    30  os_task.o(i.OSTaskSuspend)
    OSTaskSwHook                             0x08001fc5   Thumb Code   104  os_cpu_c.o(i.OSTaskSwHook)
    OSTimeDly                                0x0800203d   Thumb Code   122  os_time.o(i.OSTimeDly)
    OSTimeTick                               0x080020c5   Thumb Code    44  os_time.o(i.OSTimeTick)
    OSTimeTickHook                           0x08002101   Thumb Code    12  os_cpu_c.o(i.OSTimeTickHook)
    OS_CPU_SysTickHandler                    0x08002111   Thumb Code    30  os_cpu_c.o(i.OS_CPU_SysTickHandler)
    OS_CPU_SysTickInit                       0x08002135   Thumb Code    36  os_cpu_c.o(i.OS_CPU_SysTickInit)
    OS_Dbg_Init                              0x0800215d   Thumb Code     2  os_dbg.o(i.OS_Dbg_Init)
    OS_FlagInit                              0x08002161   Thumb Code    14  os_flag.o(i.OS_FlagInit)
    OS_IdleTask                              0x08002179   Thumb Code    30  os_core.o(i.OS_IdleTask)
    OS_IdleTaskInit                          0x080021a1   Thumb Code    60  os_core.o(i.OS_IdleTaskInit)
    OS_MemInit                               0x08002209   Thumb Code    14  os_mem.o(i.OS_MemInit)
    OS_MsgPoolInit                           0x08002221   Thumb Code    92  os_msg.o(i.OS_MsgPoolInit)
    OS_MsgQFreeAll                           0x08002289   Thumb Code    48  os_msg.o(i.OS_MsgQFreeAll)
    OS_MsgQInit                              0x080022bd   Thumb Code    14  os_msg.o(i.OS_MsgQInit)
    OS_MutexDbgListAdd                       0x080022cd   Thumb Code    26  os_mutex.o(i.OS_MutexDbgListAdd)
    OS_MutexInit                             0x080022f1   Thumb Code    14  os_mutex.o(i.OS_MutexInit)
    OS_Pend                                  0x08002309   Thumb Code    74  os_core.o(i.OS_Pend)
    OS_PendDataInit                          0x08002359   Thumb Code    48  os_core.o(i.OS_PendDataInit)
    OS_PendDbgNameAdd                        0x08002389   Thumb Code    46  os_core.o(i.OS_PendDbgNameAdd)
    OS_PendDbgNameRemove                     0x080023d1   Thumb Code    22  os_core.o(i.OS_PendDbgNameRemove)
    OS_PendListChangePrio                    0x080023ed   Thumb Code    50  os_core.o(i.OS_PendListChangePrio)
    OS_PendListInit                          0x0800241f   Thumb Code    10  os_core.o(i.OS_PendListInit)
    OS_PendListInsertPrio                    0x08002429   Thumb Code    90  os_core.o(i.OS_PendListInsertPrio)
    OS_PendListRemove                        0x08002483   Thumb Code    38  os_core.o(i.OS_PendListRemove)
    OS_PendListRemove1                       0x080024a9   Thumb Code    54  os_core.o(i.OS_PendListRemove1)
    OS_Post                                  0x080024df   Thumb Code   178  os_core.o(i.OS_Post)
    OS_Post1                                 0x08002591   Thumb Code    38  os_core.o(i.OS_Post1)
    OS_PrioGetHighest                        0x080025b9   Thumb Code    32  os_prio.o(i.OS_PrioGetHighest)
    OS_PrioInit                              0x080025dd   Thumb Code    20  os_prio.o(i.OS_PrioInit)
    OS_PrioInsert                            0x080025f5   Thumb Code    28  os_prio.o(i.OS_PrioInsert)
    OS_PrioRemove                            0x08002615   Thumb Code    28  os_prio.o(i.OS_PrioRemove)
    OS_QInit                                 0x08002635   Thumb Code    14  os_q.o(i.OS_QInit)
    OS_RdyListInit                           0x0800264d   Thumb Code    32  os_core.o(i.OS_RdyListInit)
    OS_RdyListInsert                         0x08002671   Thumb Code    42  os_core.o(i.OS_RdyListInsert)
    OS_RdyListInsertHead                     0x080026a1   Thumb Code    52  os_core.o(i.OS_RdyListInsertHead)
    OS_RdyListInsertTail                     0x080026d9   Thumb Code    48  os_core.o(i.OS_RdyListInsertTail)
    OS_RdyListRemove                         0x0800270d   Thumb Code    78  os_core.o(i.OS_RdyListRemove)
    OS_SchedLockTimeMeasStart                0x08002761   Thumb Code    20  os_core.o(i.OS_SchedLockTimeMeasStart)
    OS_SchedLockTimeMeasStop                 0x0800277d   Thumb Code    42  os_core.o(i.OS_SchedLockTimeMeasStop)
    OS_SemInit                               0x080027b9   Thumb Code    14  os_sem.o(i.OS_SemInit)
    OS_StatTask                              0x080027d1   Thumb Code   442  os_stat.o(i.OS_StatTask)
    OS_StatTaskInit                          0x080029c9   Thumb Code   118  os_stat.o(i.OS_StatTaskInit)
    OS_TaskBlock                             0x08002a85   Thumb Code    36  os_core.o(i.OS_TaskBlock)
    OS_TaskDbgListAdd                        0x08002aad   Thumb Code    30  os_task.o(i.OS_TaskDbgListAdd)
    OS_TaskDbgListRemove                     0x08002ad1   Thumb Code    50  os_task.o(i.OS_TaskDbgListRemove)
    OS_TaskInit                              0x08002b09   Thumb Code    18  os_task.o(i.OS_TaskInit)
    OS_TaskInitTCB                           0x08002b29   Thumb Code   156  os_task.o(i.OS_TaskInitTCB)
    OS_TaskResume                            0x08002bd1   Thumb Code   168  os_task.o(i.OS_TaskResume)
    OS_TaskReturn                            0x08002c79   Thumb Code    20  os_task.o(i.OS_TaskReturn)
    OS_TaskSemPost                           0x08002c91   Thumb Code   148  os_task.o(i.OS_TaskSemPost)
    OS_TaskSuspend                           0x08002d29   Thumb Code   144  os_task.o(i.OS_TaskSuspend)
    OS_TickListInsert                        0x08002dc1   Thumb Code    94  os_tick.o(i.OS_TickListInsert)
    OS_TickListInsertDly                     0x08002e21   Thumb Code   110  os_tick.o(i.OS_TickListInsertDly)
    OS_TickListRemove                        0x08002e9d   Thumb Code    64  os_tick.o(i.OS_TickListRemove)
    OS_TickListResetPeak                     0x08002edd   Thumb Code     2  os_tick.o(i.OS_TickListResetPeak)
    OS_TickTask                              0x0800300d   Thumb Code    70  os_tick.o(i.OS_TickTask)
    OS_TickTaskInit                          0x08003061   Thumb Code   118  os_tick.o(i.OS_TickTaskInit)
    OS_TmrInit                               0x08003115   Thumb Code   170  os_tmr.o(i.OS_TmrInit)
    OS_TmrResetPeak                          0x08003245   Thumb Code     2  os_tmr.o(i.OS_TmrResetPeak)
    OS_TmrTask                               0x08003249   Thumb Code   138  os_tmr.o(i.OS_TmrTask)
    OS_TmrUnlink                             0x080032e1   Thumb Code    50  os_tmr.o(i.OS_TmrUnlink)
    SVC_Handler                              0x08003331   Thumb Code     2  stm32f4xx_it.o(i.SVC_Handler)
    SystemClock_Config                       0x08003335   Thumb Code   142  main.o(i.SystemClock_Config)
    SystemInit                               0x080033cd   Thumb Code    12  system_stm32f4xx.o(i.SystemInit)
    TIM7_IRQHandler                          0x080033dd   Thumb Code     6  stm32f4xx_it.o(i.TIM7_IRQHandler)
    TIM_Base_SetConfig                       0x080033e9   Thumb Code   156  stm32f4xx_hal_tim.o(i.TIM_Base_SetConfig)
    UsageFault_Handler                       0x080035bd   Thumb Code     2  stm32f4xx_it.o(i.UsageFault_Handler)
    __scatterload_copy                       0x080035df   Thumb Code    14  handlers.o(i.__scatterload_copy)
    __scatterload_null                       0x080035ed   Thumb Code     2  handlers.o(i.__scatterload_null)
    __scatterload_zeroinit                   0x080035ef   Thumb Code    14  handlers.o(i.__scatterload_zeroinit)
    led0_task                                0x080035fd   Thumb Code    32  app.o(i.led0_task)
    led1_task                                0x08003621   Thumb Code    32  app.o(i.led1_task)
    main                                     0x08003645   Thumb Code    22  main.o(i.main)
    start_task                               0x0800365d   Thumb Code   122  app.o(i.start_task)
    AHBPrescTable                            0x08003704   Data          16  system_stm32f4xx.o(.constdata)
    APBPrescTable                            0x08003714   Data           8  system_stm32f4xx.o(.constdata)
    OSCfg_IdleTaskStkBasePtr                 0x0800371c   Data           4  os_cfg_app.o(.constdata)
    OSCfg_IdleTaskStkLimit                   0x08003720   Data           4  os_cfg_app.o(.constdata)
    OSCfg_IdleTaskStkSize                    0x08003724   Data           4  os_cfg_app.o(.constdata)
    OSCfg_ISRStkBasePtr                      0x08003728   Data           4  os_cfg_app.o(.constdata)
    OSCfg_ISRStkSize                         0x0800372c   Data           4  os_cfg_app.o(.constdata)
    OSCfg_MsgPoolSize                        0x08003730   Data           2  os_cfg_app.o(.constdata)
    OSCfg_MsgPoolBasePtr                     0x08003734   Data           4  os_cfg_app.o(.constdata)
    OSCfg_StatTaskPrio                       0x08003738   Data           1  os_cfg_app.o(.constdata)
    OSCfg_StatTaskRate_Hz                    0x0800373c   Data           4  os_cfg_app.o(.constdata)
    OSCfg_StatTaskStkBasePtr                 0x08003740   Data           4  os_cfg_app.o(.constdata)
    OSCfg_StatTaskStkLimit                   0x08003744   Data           4  os_cfg_app.o(.constdata)
    OSCfg_StatTaskStkSize                    0x08003748   Data           4  os_cfg_app.o(.constdata)
    OSCfg_StkSizeMin                         0x0800374c   Data           4  os_cfg_app.o(.constdata)
    OSCfg_TickRate_Hz                        0x08003750   Data           4  os_cfg_app.o(.constdata)
    OSCfg_TickTaskPrio                       0x08003754   Data           1  os_cfg_app.o(.constdata)
    OSCfg_TickTaskStkBasePtr                 0x08003758   Data           4  os_cfg_app.o(.constdata)
    OSCfg_TickTaskStkLimit                   0x0800375c   Data           4  os_cfg_app.o(.constdata)
    OSCfg_TickTaskStkSize                    0x08003760   Data           4  os_cfg_app.o(.constdata)
    OSCfg_TmrTaskPrio                        0x08003764   Data           1  os_cfg_app.o(.constdata)
    OSCfg_TmrTaskRate_Hz                     0x08003768   Data           4  os_cfg_app.o(.constdata)
    OSCfg_TmrTaskStkBasePtr                  0x0800376c   Data           4  os_cfg_app.o(.constdata)
    OSCfg_TmrTaskStkLimit                    0x08003770   Data           4  os_cfg_app.o(.constdata)
    OSCfg_TmrTaskStkSize                     0x08003774   Data           4  os_cfg_app.o(.constdata)
    Region$$Table$$Base                      0x08003778   Number         0  anon$$obj.o(Region$$Table)
    Region$$Table$$Limit                     0x08003798   Number         0  anon$$obj.o(Region$$Table)
    uwTickFreq                               0x20000000   Data           1  stm32f4xx_hal.o(.data)
    uwTickPrio                               0x20000004   Data           4  stm32f4xx_hal.o(.data)
    uwTick                                   0x20000008   Data           4  stm32f4xx_hal.o(.data)
    SystemCoreClock                          0x2000000c   Data           4  system_stm32f4xx.o(.data)
    OSPrioTbl                                0x20000010   Data           8  os_prio.o(.data)
    OS_AppTaskCreateHookPtr                  0x20000018   Data           4  os_var.o(.data)
    OS_AppTaskDelHookPtr                     0x2000001c   Data           4  os_var.o(.data)
    OS_AppTaskReturnHookPtr                  0x20000020   Data           4  os_var.o(.data)
    OS_AppIdleTaskHookPtr                    0x20000024   Data           4  os_var.o(.data)
    OS_AppStatTaskHookPtr                    0x20000028   Data           4  os_var.o(.data)
    OS_AppTaskSwHookPtr                      0x2000002c   Data           4  os_var.o(.data)
    OS_AppTimeTickHookPtr                    0x20000030   Data           4  os_var.o(.data)
    OSIdleTaskCtr                            0x20000034   Data           4  os_var.o(.data)
    OSIntNestingCtr                          0x20000038   Data           1  os_var.o(.data)
    OSRunning                                0x20000039   Data           1  os_var.o(.data)
    OSFlagDbgListPtr                         0x2000003c   Data           4  os_var.o(.data)
    OSFlagQty                                0x20000040   Data           2  os_var.o(.data)
    OSMemDbgListPtr                          0x20000044   Data           4  os_var.o(.data)
    OSMemQty                                 0x20000048   Data           2  os_var.o(.data)
    OSMutexDbgListPtr                        0x2000004c   Data           4  os_var.o(.data)
    OSMutexQty                               0x20000050   Data           2  os_var.o(.data)
    OSPrioCur                                0x20000052   Data           1  os_var.o(.data)
    OSPrioHighRdy                            0x20000053   Data           1  os_var.o(.data)
    OSPrioSaved                              0x20000054   Data           1  os_var.o(.data)
    OSQDbgListPtr                            0x20000058   Data           4  os_var.o(.data)
    OSQQty                                   0x2000005c   Data           2  os_var.o(.data)
    OSSchedLockTimeBegin                     0x20000060   Data           4  os_var.o(.data)
    OSSchedLockTimeMax                       0x20000064   Data           4  os_var.o(.data)
    OSSchedLockTimeMaxCur                    0x20000068   Data           4  os_var.o(.data)
    OSSchedLockNestingCtr                    0x2000006c   Data           1  os_var.o(.data)
    OSSemDbgListPtr                          0x20000070   Data           4  os_var.o(.data)
    OSSemQty                                 0x20000074   Data           2  os_var.o(.data)
    OSStatResetFlag                          0x20000076   Data           1  os_var.o(.data)
    OSStatTaskCPUUsage                       0x20000078   Data           2  os_var.o(.data)
    OSStatTaskCPUUsageMax                    0x2000007a   Data           2  os_var.o(.data)
    OSStatTaskCtr                            0x2000007c   Data           4  os_var.o(.data)
    OSStatTaskCtrMax                         0x20000080   Data           4  os_var.o(.data)
    OSStatTaskCtrRun                         0x20000084   Data           4  os_var.o(.data)
    OSStatTaskRdy                            0x20000088   Data           1  os_var.o(.data)
    OSStatTaskTimeMax                        0x2000008c   Data           4  os_var.o(.data)
    OSTaskCtxSwCtr                           0x20000090   Data           4  os_var.o(.data)
    OSTaskDbgListPtr                         0x20000094   Data           4  os_var.o(.data)
    OSTaskQty                                0x20000098   Data           2  os_var.o(.data)
    OSTaskRegNextAvailID                     0x2000009a   Data           1  os_var.o(.data)
    OSTickCtr                                0x2000009c   Data           4  os_var.o(.data)
    OSTickTaskTimeMax                        0x200000a0   Data           4  os_var.o(.data)
    OSTickListDly                            0x200000a4   Data           8  os_var.o(.data)
    OSTickListTimeout                        0x200000ac   Data           8  os_var.o(.data)
    OSTmrDbgListPtr                          0x200000b4   Data           4  os_var.o(.data)
    OSTmrListEntries                         0x200000b8   Data           2  os_var.o(.data)
    OSTmrListPtr                             0x200000bc   Data           4  os_var.o(.data)
    OSTmrTaskTimeMax                         0x200000c0   Data           4  os_var.o(.data)
    OSTmrTickCtr                             0x200000c4   Data           4  os_var.o(.data)
    OSTmrUpdateCnt                           0x200000c8   Data           4  os_var.o(.data)
    OSTmrUpdateCtr                           0x200000cc   Data           4  os_var.o(.data)
    OSTCBCurPtr                              0x200000d0   Data           4  os_var.o(.data)
    OSTCBHighRdyPtr                          0x200000d4   Data           4  os_var.o(.data)
    OS_CPU_ExceptStkBase                     0x200000d8   Data           4  os_cpu_c.o(.data)
    huart1                                   0x200000dc   Data          68  usart.o(.bss)
    htim7                                    0x20000120   Data          72  stm32f4xx_hal_timebase_tim.o(.bss)
    StartTaskTCB                             0x20000168   Data         184  app.o(.bss)
    START_TASK_STK                           0x20000220   Data         512  app.o(.bss)
    Led0TaskTCB                              0x20000420   Data         184  app.o(.bss)
    LED0_TASK_STK                            0x200004d8   Data         512  app.o(.bss)
    Led1TaskTCB                              0x200006d8   Data         184  app.o(.bss)
    LED1_TASK_STK                            0x20000790   Data         512  app.o(.bss)
    OSCfg_IdleTaskStk                        0x20000990   Data         512  os_cfg_app.o(.bss)
    OSCfg_ISRStk                             0x20000b90   Data         512  os_cfg_app.o(.bss)
    OSCfg_MsgPool                            0x20000d90   Data        1600  os_cfg_app.o(.bss)
    OSCfg_StatTaskStk                        0x200013d0   Data         512  os_cfg_app.o(.bss)
    OSCfg_TickTaskStk                        0x200015d0   Data         512  os_cfg_app.o(.bss)
    OSCfg_TmrTaskStk                         0x200017d0   Data         512  os_cfg_app.o(.bss)
    OSIdleTaskTCB                            0x200019d0   Data         184  os_var.o(.bss)
    OSMsgPool                                0x20001a88   Data          12  os_var.o(.bss)
    OSRdyList                                0x20001a94   Data         768  os_var.o(.bss)
    OSStatTaskTCB                            0x20001d94   Data         184  os_var.o(.bss)
    OSTickTaskTCB                            0x20001e4c   Data         184  os_var.o(.bss)
    OSTmrMutex                               0x20001f04   Data          44  os_var.o(.bss)
    OSTmrTaskTCB                             0x20001f30   Data         184  os_var.o(.bss)
    __initial_sp                             0x200023e8   Data           0  startup_stm32f407xx.o(STACK)



==============================================================================

Memory Map of the image

  Image Entry point : 0x08000189

  Load Region LR_IROM1 (Base: 0x08000000, Size: 0x00003874, Max: 0x00100000, ABSOLUTE)

    Execution Region ER_IROM1 (Exec base: 0x08000000, Load base: 0x08000000, Size: 0x00003798, Max: 0x00100000, ABSOLUTE)

    Exec Addr    Load Addr    Size         Type   Attr      Idx    E Section Name        Object

    0x08000000   0x08000000   0x00000188   Data   RO            3    RESET               startup_stm32f407xx.o
    0x08000188   0x08000188   0x00000000   Code   RO         4950  * .ARM.Collect$$$$00000000  mc_w.l(entry.o)
    0x08000188   0x08000188   0x00000004   Code   RO         4957    .ARM.Collect$$$$00000001  mc_w.l(entry2.o)
    0x0800018c   0x0800018c   0x00000004   Code   RO         4960    .ARM.Collect$$$$00000004  mc_w.l(entry5.o)
    0x08000190   0x08000190   0x00000000   Code   RO         4962    .ARM.Collect$$$$00000008  mc_w.l(entry7b.o)
    0x08000190   0x08000190   0x00000000   Code   RO         4964    .ARM.Collect$$$$0000000A  mc_w.l(entry8b.o)
    0x08000190   0x08000190   0x00000008   Code   RO         4965    .ARM.Collect$$$$0000000B  mc_w.l(entry9a.o)
    0x08000198   0x08000198   0x00000000   Code   RO         4967    .ARM.Collect$$$$0000000D  mc_w.l(entry10a.o)
    0x08000198   0x08000198   0x00000000   Code   RO         4969    .ARM.Collect$$$$0000000F  mc_w.l(entry11a.o)
    0x08000198   0x08000198   0x00000004   Code   RO         4958    .ARM.Collect$$$$00002712  mc_w.l(entry2.o)
    0x0800019c   0x0800019c   0x0000004c   Code   RO            4    .text               startup_stm32f407xx.o
    0x080001e8   0x080001e8   0x00000034   Code   RO         3181    .text               cpu_a.o
    0x0800021c   0x0800021c   0x00000062   Code   RO         4953    .text               mc_w.l(uldiv.o)
    0x0800027e   0x0800027e   0x00000024   Code   RO         4955    .text               mc_w.l(memseta.o)
    0x080002a2   0x080002a2   0x0000001e   Code   RO         4971    .text               mc_w.l(llshl.o)
    0x080002c0   0x080002c0   0x00000020   Code   RO         4973    .text               mc_w.l(llushr.o)
    0x080002e0   0x080002e0   0x00000024   Code   RO         4975    .text               mc_w.l(init.o)
    0x08000304   0x08000304   0x000000c4   Code   RO         4800    CODE                os_cpu_a.o
    0x080003c8   0x080003c8   0x00000004   Code   RO         2958    i.BSP_Init          bsp.o
    0x080003cc   0x080003cc   0x0000001c   Code   RO         2959    i.BSP_Tick_Init     bsp.o
    0x080003e8   0x080003e8   0x00000002   Code   RO          312    i.BusFault_Handler  stm32f4xx_it.o
    0x080003ea   0x080003ea   0x00000002   PAD
    0x080003ec   0x080003ec   0x0000000c   Code   RO         2962    i.CPU_TS_TmrRd      bsp.o
    0x080003f8   0x080003f8   0x00000002   Code   RO          313    i.DebugMon_Handler  stm32f4xx_it.o
    0x080003fa   0x080003fa   0x00000004   Code   RO           13    i.Error_Handler     main.o
    0x080003fe   0x080003fe   0x00000002   PAD
    0x08000400   0x08000400   0x000001f0   Code   RO         2142    i.HAL_GPIO_Init     stm32f4xx_hal_gpio.o
    0x080005f0   0x080005f0   0x00000010   Code   RO         2145    i.HAL_GPIO_TogglePin  stm32f4xx_hal_gpio.o
    0x08000600   0x08000600   0x0000000a   Code   RO         2146    i.HAL_GPIO_WritePin  stm32f4xx_hal_gpio.o
    0x0800060a   0x0800060a   0x00000002   PAD
    0x0800060c   0x0800060c   0x0000000c   Code   RO         2674    i.HAL_GetTick       stm32f4xx_hal.o
    0x08000618   0x08000618   0x00000010   Code   RO         2680    i.HAL_IncTick       stm32f4xx_hal.o
    0x08000628   0x08000628   0x00000034   Code   RO         2681    i.HAL_Init          stm32f4xx_hal.o
    0x0800065c   0x0800065c   0x00000074   Code   RO          418    i.HAL_InitTick      stm32f4xx_hal_timebase_tim.o
    0x080006d0   0x080006d0   0x00000030   Code   RO          394    i.HAL_MspInit       stm32f4xx_hal_msp.o
    0x08000700   0x08000700   0x0000001a   Code   RO         2531    i.HAL_NVIC_EnableIRQ  stm32f4xx_hal_cortex.o
    0x0800071a   0x0800071a   0x00000002   PAD
    0x0800071c   0x0800071c   0x00000040   Code   RO         2537    i.HAL_NVIC_SetPriority  stm32f4xx_hal_cortex.o
    0x0800075c   0x0800075c   0x00000024   Code   RO         2538    i.HAL_NVIC_SetPriorityGrouping  stm32f4xx_hal_cortex.o
    0x08000780   0x08000780   0x00000134   Code   RO         1788    i.HAL_RCC_ClockConfig  stm32f4xx_hal_rcc.o
    0x080008b4   0x080008b4   0x00000040   Code   RO         1792    i.HAL_RCC_GetClockConfig  stm32f4xx_hal_rcc.o
    0x080008f4   0x080008f4   0x0000000c   Code   RO         1793    i.HAL_RCC_GetHCLKFreq  stm32f4xx_hal_rcc.o
    0x08000900   0x08000900   0x00000020   Code   RO         1795    i.HAL_RCC_GetPCLK1Freq  stm32f4xx_hal_rcc.o
    0x08000920   0x08000920   0x00000020   Code   RO         1796    i.HAL_RCC_GetPCLK2Freq  stm32f4xx_hal_rcc.o
    0x08000940   0x08000940   0x00000060   Code   RO         1797    i.HAL_RCC_GetSysClockFreq  stm32f4xx_hal_rcc.o
    0x080009a0   0x080009a0   0x0000036c   Code   RO         1800    i.HAL_RCC_OscConfig  stm32f4xx_hal_rcc.o
    0x08000d0c   0x08000d0c   0x00000002   Code   RO         1163    i.HAL_TIMEx_BreakCallback  stm32f4xx_hal_tim_ex.o
    0x08000d0e   0x08000d0e   0x00000002   Code   RO         1164    i.HAL_TIMEx_CommutCallback  stm32f4xx_hal_tim_ex.o
    0x08000d10   0x08000d10   0x0000005a   Code   RO          459    i.HAL_TIM_Base_Init  stm32f4xx_hal_tim.o
    0x08000d6a   0x08000d6a   0x00000002   Code   RO          461    i.HAL_TIM_Base_MspInit  stm32f4xx_hal_tim.o
    0x08000d6c   0x08000d6c   0x00000080   Code   RO          464    i.HAL_TIM_Base_Start_IT  stm32f4xx_hal_tim.o
    0x08000dec   0x08000dec   0x00000002   Code   RO          493    i.HAL_TIM_IC_CaptureCallback  stm32f4xx_hal_tim.o
    0x08000dee   0x08000dee   0x00000166   Code   RO          507    i.HAL_TIM_IRQHandler  stm32f4xx_hal_tim.o
    0x08000f54   0x08000f54   0x00000002   Code   RO          510    i.HAL_TIM_OC_DelayElapsedCallback  stm32f4xx_hal_tim.o
    0x08000f56   0x08000f56   0x00000002   Code   RO          537    i.HAL_TIM_PWM_PulseFinishedCallback  stm32f4xx_hal_tim.o
    0x08000f58   0x08000f58   0x00000014   Code   RO           14    i.HAL_TIM_PeriodElapsedCallback  main.o
    0x08000f6c   0x08000f6c   0x00000002   Code   RO          550    i.HAL_TIM_TriggerCallback  stm32f4xx_hal_tim.o
    0x08000f6e   0x08000f6e   0x00000062   Code   RO         1459    i.HAL_UART_Init     stm32f4xx_hal_uart.o
    0x08000fd0   0x08000fd0   0x0000006c   Code   RO          261    i.HAL_UART_MspInit  usart.o
    0x0800103c   0x0800103c   0x00000002   Code   RO          314    i.HardFault_Handler  stm32f4xx_it.o
    0x0800103e   0x0800103e   0x00000002   PAD
    0x08001040   0x08001040   0x00000070   Code   RO          236    i.MX_GPIO_Init      gpio.o
    0x080010b0   0x080010b0   0x00000060   Code   RO         3023    i.MX_UCOS_Init      app.o
    0x08001110   0x08001110   0x00000038   Code   RO          262    i.MX_USART1_UART_Init  usart.o
    0x08001148   0x08001148   0x00000002   Code   RO          315    i.MemManage_Handler  stm32f4xx_it.o
    0x0800114a   0x0800114a   0x00000002   Code   RO          316    i.NMI_Handler       stm32f4xx_it.o
    0x0800114c   0x0800114c   0x00000002   Code   RO         3651    i.OSCfg_Init        os_cfg_app.o
    0x0800114e   0x0800114e   0x00000002   PAD
    0x08001150   0x08001150   0x00000010   Code   RO         4803    i.OSIdleTaskHook    os_cpu_c.o
    0x08001160   0x08001160   0x00000158   Code   RO         3715    i.OSInit            os_core.o
    0x080012b8   0x080012b8   0x00000024   Code   RO         4804    i.OSInitHook        os_cpu_c.o
    0x080012dc   0x080012dc   0x00000084   Code   RO         3717    i.OSIntExit         os_core.o
    0x08001360   0x08001360   0x0000006c   Code   RO         4101    i.OSMutexCreate     os_mutex.o
    0x080013cc   0x080013cc   0x000001a0   Code   RO         4103    i.OSMutexPend       os_mutex.o
    0x0800156c   0x0800156c   0x00000128   Code   RO         4105    i.OSMutexPost       os_mutex.o
    0x08001694   0x08001694   0x00000074   Code   RO         3718    i.OSSched           os_core.o
    0x08001708   0x08001708   0x00000054   Code   RO         3719    i.OSSchedLock       os_core.o
    0x0800175c   0x0800175c   0x00000068   Code   RO         3720    i.OSSchedUnlock     os_core.o
    0x080017c4   0x080017c4   0x00000058   Code   RO         3721    i.OSStart           os_core.o
    0x0800181c   0x0800181c   0x000000b4   Code   RO         4348    i.OSStatReset       os_stat.o
    0x080018d0   0x080018d0   0x0000009c   Code   RO         4349    i.OSStatTaskCPUUsageInit  os_stat.o
    0x0800196c   0x0800196c   0x00000010   Code   RO         4805    i.OSStatTaskHook    os_cpu_c.o
    0x0800197c   0x0800197c   0x00000150   Code   RO         4379    i.OSTaskCreate      os_task.o
    0x08001acc   0x08001acc   0x00000010   Code   RO         4806    i.OSTaskCreateHook  os_cpu_c.o
    0x08001adc   0x08001adc   0x000000cc   Code   RO         4380    i.OSTaskDel         os_task.o
    0x08001ba8   0x08001ba8   0x00000010   Code   RO         4807    i.OSTaskDelHook     os_cpu_c.o
    0x08001bb8   0x08001bb8   0x00000048   Code   RO         4388    i.OSTaskResume      os_task.o
    0x08001c00   0x08001c00   0x00000010   Code   RO         4808    i.OSTaskReturnHook  os_cpu_c.o
    0x08001c10   0x08001c10   0x00000120   Code   RO         4389    i.OSTaskSemPend     os_task.o
    0x08001d30   0x08001d30   0x0000002e   Code   RO         4391    i.OSTaskSemPost     os_task.o
    0x08001d5e   0x08001d5e   0x00000002   PAD
    0x08001d60   0x08001d60   0x00000094   Code   RO         4393    i.OSTaskStkChk      os_task.o
    0x08001df4   0x08001df4   0x000001a8   Code   RO         4809    i.OSTaskStkInit     os_cpu_c.o
    0x08001f9c   0x08001f9c   0x00000028   Code   RO         4394    i.OSTaskSuspend     os_task.o
    0x08001fc4   0x08001fc4   0x00000078   Code   RO         4810    i.OSTaskSwHook      os_cpu_c.o
    0x0800203c   0x0800203c   0x00000088   Code   RO         4592    i.OSTimeDly         os_time.o
    0x080020c4   0x080020c4   0x0000003c   Code   RO         4597    i.OSTimeTick        os_time.o
    0x08002100   0x08002100   0x00000010   Code   RO         4811    i.OSTimeTickHook    os_cpu_c.o
    0x08002110   0x08002110   0x00000024   Code   RO         4812    i.OS_CPU_SysTickHandler  os_cpu_c.o
    0x08002134   0x08002134   0x00000028   Code   RO         4813    i.OS_CPU_SysTickInit  os_cpu_c.o
    0x0800215c   0x0800215c   0x00000002   Code   RO         3923    i.OS_Dbg_Init       os_dbg.o
    0x0800215e   0x0800215e   0x00000002   PAD
    0x08002160   0x08002160   0x00000018   Code   RO         3950    i.OS_FlagInit       os_flag.o
    0x08002178   0x08002178   0x00000028   Code   RO         3723    i.OS_IdleTask       os_core.o
    0x080021a0   0x080021a0   0x00000068   Code   RO         3724    i.OS_IdleTaskInit   os_core.o
    0x08002208   0x08002208   0x00000018   Code   RO         4033    i.OS_MemInit        os_mem.o
    0x08002220   0x08002220   0x00000068   Code   RO         4065    i.OS_MsgPoolInit    os_msg.o
    0x08002288   0x08002288   0x00000034   Code   RO         4066    i.OS_MsgQFreeAll    os_msg.o
    0x080022bc   0x080022bc   0x0000000e   Code   RO         4068    i.OS_MsgQInit       os_msg.o
    0x080022ca   0x080022ca   0x00000002   PAD
    0x080022cc   0x080022cc   0x00000024   Code   RO         4107    i.OS_MutexDbgListAdd  os_mutex.o
    0x080022f0   0x080022f0   0x00000018   Code   RO         4109    i.OS_MutexInit      os_mutex.o
    0x08002308   0x08002308   0x00000050   Code   RO         3725    i.OS_Pend           os_core.o
    0x08002358   0x08002358   0x00000030   Code   RO         3728    i.OS_PendDataInit   os_core.o
    0x08002388   0x08002388   0x00000048   Code   RO         3729    i.OS_PendDbgNameAdd  os_core.o
    0x080023d0   0x080023d0   0x0000001c   Code   RO         3730    i.OS_PendDbgNameRemove  os_core.o
    0x080023ec   0x080023ec   0x00000032   Code   RO         3731    i.OS_PendListChangePrio  os_core.o
    0x0800241e   0x0800241e   0x0000000a   Code   RO         3732    i.OS_PendListInit   os_core.o
    0x08002428   0x08002428   0x0000005a   Code   RO         3734    i.OS_PendListInsertPrio  os_core.o
    0x08002482   0x08002482   0x00000026   Code   RO         3735    i.OS_PendListRemove  os_core.o
    0x080024a8   0x080024a8   0x00000036   Code   RO         3736    i.OS_PendListRemove1  os_core.o
    0x080024de   0x080024de   0x000000b2   Code   RO         3739    i.OS_Post           os_core.o
    0x08002590   0x08002590   0x00000026   Code   RO         3740    i.OS_Post1          os_core.o
    0x080025b6   0x080025b6   0x00000002   PAD
    0x080025b8   0x080025b8   0x00000024   Code   RO         4167    i.OS_PrioGetHighest  os_prio.o
    0x080025dc   0x080025dc   0x00000018   Code   RO         4168    i.OS_PrioInit       os_prio.o
    0x080025f4   0x080025f4   0x00000020   Code   RO         4169    i.OS_PrioInsert     os_prio.o
    0x08002614   0x08002614   0x00000020   Code   RO         4170    i.OS_PrioRemove     os_prio.o
    0x08002634   0x08002634   0x00000018   Code   RO         4213    i.OS_QInit          os_q.o
    0x0800264c   0x0800264c   0x00000024   Code   RO         3741    i.OS_RdyListInit    os_core.o
    0x08002670   0x08002670   0x00000030   Code   RO         3742    i.OS_RdyListInsert  os_core.o
    0x080026a0   0x080026a0   0x00000038   Code   RO         3743    i.OS_RdyListInsertHead  os_core.o
    0x080026d8   0x080026d8   0x00000034   Code   RO         3744    i.OS_RdyListInsertTail  os_core.o
    0x0800270c   0x0800270c   0x00000054   Code   RO         3746    i.OS_RdyListRemove  os_core.o
    0x08002760   0x08002760   0x0000001c   Code   RO         3747    i.OS_SchedLockTimeMeasStart  os_core.o
    0x0800277c   0x0800277c   0x0000003c   Code   RO         3748    i.OS_SchedLockTimeMeasStop  os_core.o
    0x080027b8   0x080027b8   0x00000018   Code   RO         4285    i.OS_SemInit        os_sem.o
    0x080027d0   0x080027d0   0x000001f8   Code   RO         4350    i.OS_StatTask       os_stat.o
    0x080029c8   0x080029c8   0x000000bc   Code   RO         4351    i.OS_StatTaskInit   os_stat.o
    0x08002a84   0x08002a84   0x00000028   Code   RO         3749    i.OS_TaskBlock      os_core.o
    0x08002aac   0x08002aac   0x00000024   Code   RO         4395    i.OS_TaskDbgListAdd  os_task.o
    0x08002ad0   0x08002ad0   0x00000038   Code   RO         4396    i.OS_TaskDbgListRemove  os_task.o
    0x08002b08   0x08002b08   0x00000020   Code   RO         4397    i.OS_TaskInit       os_task.o
    0x08002b28   0x08002b28   0x000000a8   Code   RO         4398    i.OS_TaskInitTCB    os_task.o
    0x08002bd0   0x08002bd0   0x000000a8   Code   RO         4400    i.OS_TaskResume     os_task.o
    0x08002c78   0x08002c78   0x00000018   Code   RO         4401    i.OS_TaskReturn     os_task.o
    0x08002c90   0x08002c90   0x00000098   Code   RO         4402    i.OS_TaskSemPost    os_task.o
    0x08002d28   0x08002d28   0x00000098   Code   RO         4403    i.OS_TaskSuspend    os_task.o
    0x08002dc0   0x08002dc0   0x0000005e   Code   RO         4540    i.OS_TickListInsert  os_tick.o
    0x08002e1e   0x08002e1e   0x00000002   PAD
    0x08002e20   0x08002e20   0x0000007c   Code   RO         4541    i.OS_TickListInsertDly  os_tick.o
    0x08002e9c   0x08002e9c   0x00000040   Code   RO         4542    i.OS_TickListRemove  os_tick.o
    0x08002edc   0x08002edc   0x00000002   Code   RO         4543    i.OS_TickListResetPeak  os_tick.o
    0x08002ede   0x08002ede   0x00000002   PAD
    0x08002ee0   0x08002ee0   0x0000007c   Code   RO         4544    i.OS_TickListUpdateDly  os_tick.o
    0x08002f5c   0x08002f5c   0x000000b0   Code   RO         4545    i.OS_TickListUpdateTimeout  os_tick.o
    0x0800300c   0x0800300c   0x00000054   Code   RO         4546    i.OS_TickTask       os_tick.o
    0x08003060   0x08003060   0x000000b4   Code   RO         4547    i.OS_TickTaskInit   os_tick.o
    0x08003114   0x08003114   0x00000118   Code   RO         4643    i.OS_TmrInit        os_tmr.o
    0x0800322c   0x0800322c   0x00000018   Code   RO         4644    i.OS_TmrLock        os_tmr.o
    0x08003244   0x08003244   0x00000002   Code   RO         4645    i.OS_TmrResetPeak   os_tmr.o
    0x08003246   0x08003246   0x00000002   PAD
    0x08003248   0x08003248   0x00000098   Code   RO         4646    i.OS_TmrTask        os_tmr.o
    0x080032e0   0x080032e0   0x0000003c   Code   RO         4647    i.OS_TmrUnlink      os_tmr.o
    0x0800331c   0x0800331c   0x00000014   Code   RO         4648    i.OS_TmrUnlock      os_tmr.o
    0x08003330   0x08003330   0x00000002   Code   RO          318    i.SVC_Handler       stm32f4xx_it.o
    0x08003332   0x08003332   0x00000002   PAD
    0x08003334   0x08003334   0x00000098   Code   RO           15    i.SystemClock_Config  main.o
    0x080033cc   0x080033cc   0x00000010   Code   RO         2920    i.SystemInit        system_stm32f4xx.o
    0x080033dc   0x080033dc   0x0000000c   Code   RO          320    i.TIM7_IRQHandler   stm32f4xx_it.o
    0x080033e8   0x080033e8   0x000000c8   Code   RO          552    i.TIM_Base_SetConfig  stm32f4xx_hal_tim.o
    0x080034b0   0x080034b0   0x0000010c   Code   RO         1485    i.UART_SetConfig    stm32f4xx_hal_uart.o
    0x080035bc   0x080035bc   0x00000002   Code   RO          321    i.UsageFault_Handler  stm32f4xx_it.o
    0x080035be   0x080035be   0x00000020   Code   RO         2544    i.__NVIC_SetPriority  stm32f4xx_hal_cortex.o
    0x080035de   0x080035de   0x0000000e   Code   RO         4979    i.__scatterload_copy  mc_w.l(handlers.o)
    0x080035ec   0x080035ec   0x00000002   Code   RO         4980    i.__scatterload_null  mc_w.l(handlers.o)
    0x080035ee   0x080035ee   0x0000000e   Code   RO         4981    i.__scatterload_zeroinit  mc_w.l(handlers.o)
    0x080035fc   0x080035fc   0x00000024   Code   RO         3024    i.led0_task         app.o
    0x08003620   0x08003620   0x00000024   Code   RO         3025    i.led1_task         app.o
    0x08003644   0x08003644   0x00000016   Code   RO           16    i.main              main.o
    0x0800365a   0x0800365a   0x00000002   PAD
    0x0800365c   0x0800365c   0x000000a8   Code   RO         3026    i.start_task        app.o
    0x08003704   0x08003704   0x00000010   Data   RO         2921    .constdata          system_stm32f4xx.o
    0x08003714   0x08003714   0x00000008   Data   RO         2922    .constdata          system_stm32f4xx.o
    0x0800371c   0x0800371c   0x00000004   Data   RO         3658    .constdata          os_cfg_app.o
    0x08003720   0x08003720   0x00000004   Data   RO         3659    .constdata          os_cfg_app.o
    0x08003724   0x08003724   0x00000004   Data   RO         3660    .constdata          os_cfg_app.o
    0x08003728   0x08003728   0x00000004   Data   RO         3669    .constdata          os_cfg_app.o
    0x0800372c   0x0800372c   0x00000004   Data   RO         3670    .constdata          os_cfg_app.o
    0x08003730   0x08003730   0x00000002   Data   RO         3672    .constdata          os_cfg_app.o
    0x08003732   0x08003732   0x00000002   PAD
    0x08003734   0x08003734   0x00000004   Data   RO         3674    .constdata          os_cfg_app.o
    0x08003738   0x08003738   0x00000001   Data   RO         3675    .constdata          os_cfg_app.o
    0x08003739   0x08003739   0x00000003   PAD
    0x0800373c   0x0800373c   0x00000004   Data   RO         3676    .constdata          os_cfg_app.o
    0x08003740   0x08003740   0x00000004   Data   RO         3677    .constdata          os_cfg_app.o
    0x08003744   0x08003744   0x00000004   Data   RO         3678    .constdata          os_cfg_app.o
    0x08003748   0x08003748   0x00000004   Data   RO         3679    .constdata          os_cfg_app.o
    0x0800374c   0x0800374c   0x00000004   Data   RO         3681    .constdata          os_cfg_app.o
    0x08003750   0x08003750   0x00000004   Data   RO         3682    .constdata          os_cfg_app.o
    0x08003754   0x08003754   0x00000001   Data   RO         3683    .constdata          os_cfg_app.o
    0x08003755   0x08003755   0x00000003   PAD
    0x08003758   0x08003758   0x00000004   Data   RO         3684    .constdata          os_cfg_app.o
    0x0800375c   0x0800375c   0x00000004   Data   RO         3685    .constdata          os_cfg_app.o
    0x08003760   0x08003760   0x00000004   Data   RO         3686    .constdata          os_cfg_app.o
    0x08003764   0x08003764   0x00000001   Data   RO         3688    .constdata          os_cfg_app.o
    0x08003765   0x08003765   0x00000003   PAD
    0x08003768   0x08003768   0x00000004   Data   RO         3689    .constdata          os_cfg_app.o
    0x0800376c   0x0800376c   0x00000004   Data   RO         3690    .constdata          os_cfg_app.o
    0x08003770   0x08003770   0x00000004   Data   RO         3691    .constdata          os_cfg_app.o
    0x08003774   0x08003774   0x00000004   Data   RO         3692    .constdata          os_cfg_app.o
    0x08003778   0x08003778   0x00000020   Data   RO         4977    Region$$Table       anon$$obj.o


    Execution Region RW_IRAM2 (Exec base: 0x10000000, Load base: 0x08003874, Size: 0x00000000, Max: 0x00010000, ABSOLUTE)

    **** No section assigned to this execution region ****


    Execution Region RW_IRAM1 (Exec base: 0x20000000, Load base: 0x08003798, Size: 0x000023e8, Max: 0x00020000, ABSOLUTE)

    Exec Addr    Load Addr    Size         Type   Attr      Idx    E Section Name        Object

    0x20000000   0x08003798   0x0000000c   Data   RW         2688    .data               stm32f4xx_hal.o
    0x2000000c   0x080037a4   0x00000004   Data   RW         2923    .data               system_stm32f4xx.o
    0x20000010   0x080037a8   0x00000008   Data   RW         4171    .data               os_prio.o
    0x20000018   0x080037b0   0x00000004   Data   RW         4735    .data               os_var.o
    0x2000001c   0x080037b4   0x00000004   Data   RW         4736    .data               os_var.o
    0x20000020   0x080037b8   0x00000004   Data   RW         4737    .data               os_var.o
    0x20000024   0x080037bc   0x00000004   Data   RW         4738    .data               os_var.o
    0x20000028   0x080037c0   0x00000004   Data   RW         4739    .data               os_var.o
    0x2000002c   0x080037c4   0x00000004   Data   RW         4740    .data               os_var.o
    0x20000030   0x080037c8   0x00000004   Data   RW         4741    .data               os_var.o
    0x20000034   0x080037cc   0x00000004   Data   RW         4742    .data               os_var.o
    0x20000038   0x080037d0   0x00000001   Data   RW         4743    .data               os_var.o
    0x20000039   0x080037d1   0x00000001   Data   RW         4744    .data               os_var.o
    0x2000003a   0x080037d2   0x00000002   PAD
    0x2000003c   0x080037d4   0x00000004   Data   RW         4745    .data               os_var.o
    0x20000040   0x080037d8   0x00000002   Data   RW         4746    .data               os_var.o
    0x20000042   0x080037da   0x00000002   PAD
    0x20000044   0x080037dc   0x00000004   Data   RW         4747    .data               os_var.o
    0x20000048   0x080037e0   0x00000002   Data   RW         4748    .data               os_var.o
    0x2000004a   0x080037e2   0x00000002   PAD
    0x2000004c   0x080037e4   0x00000004   Data   RW         4749    .data               os_var.o
    0x20000050   0x080037e8   0x00000002   Data   RW         4750    .data               os_var.o
    0x20000052   0x080037ea   0x00000001   Data   RW         4751    .data               os_var.o
    0x20000053   0x080037eb   0x00000001   Data   RW         4752    .data               os_var.o
    0x20000054   0x080037ec   0x00000001   Data   RW         4753    .data               os_var.o
    0x20000055   0x080037ed   0x00000003   PAD
    0x20000058   0x080037f0   0x00000004   Data   RW         4754    .data               os_var.o
    0x2000005c   0x080037f4   0x00000002   Data   RW         4755    .data               os_var.o
    0x2000005e   0x080037f6   0x00000002   PAD
    0x20000060   0x080037f8   0x00000004   Data   RW         4756    .data               os_var.o
    0x20000064   0x080037fc   0x00000004   Data   RW         4757    .data               os_var.o
    0x20000068   0x08003800   0x00000004   Data   RW         4758    .data               os_var.o
    0x2000006c   0x08003804   0x00000001   Data   RW         4759    .data               os_var.o
    0x2000006d   0x08003805   0x00000003   PAD
    0x20000070   0x08003808   0x00000004   Data   RW         4760    .data               os_var.o
    0x20000074   0x0800380c   0x00000002   Data   RW         4761    .data               os_var.o
    0x20000076   0x0800380e   0x00000001   Data   RW         4762    .data               os_var.o
    0x20000077   0x0800380f   0x00000001   PAD
    0x20000078   0x08003810   0x00000002   Data   RW         4763    .data               os_var.o
    0x2000007a   0x08003812   0x00000002   Data   RW         4764    .data               os_var.o
    0x2000007c   0x08003814   0x00000004   Data   RW         4765    .data               os_var.o
    0x20000080   0x08003818   0x00000004   Data   RW         4766    .data               os_var.o
    0x20000084   0x0800381c   0x00000004   Data   RW         4767    .data               os_var.o
    0x20000088   0x08003820   0x00000001   Data   RW         4768    .data               os_var.o
    0x20000089   0x08003821   0x00000003   PAD
    0x2000008c   0x08003824   0x00000004   Data   RW         4769    .data               os_var.o
    0x20000090   0x08003828   0x00000004   Data   RW         4770    .data               os_var.o
    0x20000094   0x0800382c   0x00000004   Data   RW         4771    .data               os_var.o
    0x20000098   0x08003830   0x00000002   Data   RW         4772    .data               os_var.o
    0x2000009a   0x08003832   0x00000001   Data   RW         4773    .data               os_var.o
    0x2000009b   0x08003833   0x00000001   PAD
    0x2000009c   0x08003834   0x00000004   Data   RW         4774    .data               os_var.o
    0x200000a0   0x08003838   0x00000004   Data   RW         4775    .data               os_var.o
    0x200000a4   0x0800383c   0x00000008   Data   RW         4776    .data               os_var.o
    0x200000ac   0x08003844   0x00000008   Data   RW         4777    .data               os_var.o
    0x200000b4   0x0800384c   0x00000004   Data   RW         4778    .data               os_var.o
    0x200000b8   0x08003850   0x00000002   Data   RW         4779    .data               os_var.o
    0x200000ba   0x08003852   0x00000002   PAD
    0x200000bc   0x08003854   0x00000004   Data   RW         4780    .data               os_var.o
    0x200000c0   0x08003858   0x00000004   Data   RW         4782    .data               os_var.o
    0x200000c4   0x0800385c   0x00000004   Data   RW         4783    .data               os_var.o
    0x200000c8   0x08003860   0x00000004   Data   RW         4784    .data               os_var.o
    0x200000cc   0x08003864   0x00000004   Data   RW         4785    .data               os_var.o
    0x200000d0   0x08003868   0x00000004   Data   RW         4786    .data               os_var.o
    0x200000d4   0x0800386c   0x00000004   Data   RW         4787    .data               os_var.o
    0x200000d8   0x08003870   0x00000004   Data   RW         4814    .data               os_cpu_c.o
    0x200000dc        -       0x00000044   Zero   RW          264    .bss                usart.o
    0x20000120        -       0x00000048   Zero   RW          421    .bss                stm32f4xx_hal_timebase_tim.o
    0x20000168        -       0x00000828   Zero   RW         3027    .bss                app.o
    0x20000990        -       0x00000200   Zero   RW         3652    .bss                os_cfg_app.o
    0x20000b90        -       0x00000200   Zero   RW         3653    .bss                os_cfg_app.o
    0x20000d90        -       0x00000640   Zero   RW         3654    .bss                os_cfg_app.o
    0x200013d0        -       0x00000200   Zero   RW         3655    .bss                os_cfg_app.o
    0x200015d0        -       0x00000200   Zero   RW         3656    .bss                os_cfg_app.o
    0x200017d0        -       0x00000200   Zero   RW         3657    .bss                os_cfg_app.o
    0x200019d0        -       0x000000b8   Zero   RW         4728    .bss                os_var.o
    0x20001a88        -       0x0000000c   Zero   RW         4729    .bss                os_var.o
    0x20001a94        -       0x00000300   Zero   RW         4730    .bss                os_var.o
    0x20001d94        -       0x000000b8   Zero   RW         4731    .bss                os_var.o
    0x20001e4c        -       0x000000b8   Zero   RW         4732    .bss                os_var.o
    0x20001f04        -       0x0000002c   Zero   RW         4733    .bss                os_var.o
    0x20001f30        -       0x000000b8   Zero   RW         4734    .bss                os_var.o
    0x20001fe8        -       0x00000400   Zero   RW            1    STACK               startup_stm32f407xx.o


==============================================================================

Image component sizes


      Code (inc. data)   RO Data    RW Data    ZI Data      Debug   Object Name

       336         74          0          0       2088       3050   app.o
        44         12          0          0          0       2082   bsp.o
        52          0          0          0          0        316   cpu_a.o
       112         10          0          0          0        907   gpio.o
       198         16          0          0          0     719159   main.o
         2          0         81          0       4160      19119   os_cfg_app.o
      2102        350          0          0          0      18962   os_core.o
       196         32          0          0          0        396   os_cpu_a.o
       752        170          0          4          0       8141   os_cpu_c.o
         2          0          0          0          0        878   os_dbg.o
        24         10          0          0          0       1036   os_flag.o
        24         10          0          0          0        837   os_mem.o
       170         16          0          0          0       2316   os_msg.o
       880         76          0          0          0       4802   os_mutex.o
       124         16          0          8          0       2814   os_prio.o
        24         10          0          0          0        905   os_q.o
        24         10          0          0          0        905   os_sem.o
      1028        196          0          0          0       3935   os_stat.o
      1922        174          0          0          0      12889   os_task.o
       848        100          0          0          0       6590   os_tick.o
       196         30          0          0          0       1721   os_time.o
       538        144          0          0          0       4087   os_tmr.o
         0          0          0        171       1560      17776   os_var.o
        76         16        392          0       1024        852   startup_stm32f407xx.o
        80         14          0         12          0       8042   stm32f4xx_hal.o
       158         14          0          0          0      33126   stm32f4xx_hal_cortex.o
       522         46          0          0          0       2813   stm32f4xx_hal_gpio.o
        48          6          0          0          0        842   stm32f4xx_hal_msp.o
      1420         88          0          0          0       6333   stm32f4xx_hal_rcc.o
       786         72          0          0          0       7296   stm32f4xx_hal_tim.o
         4          0          0          0          0       1585   stm32f4xx_hal_tim_ex.o
       116         16          0          0         72       1403   stm32f4xx_hal_timebase_tim.o
       366         10          0          0          0       1980   stm32f4xx_hal_uart.o
        26          6          0          0          0       3661   stm32f4xx_it.o
        16          4         24          4          0       1111   system_stm32f4xx.o
       164         22          0          0         68       1702   usart.o

    ----------------------------------------------------------------------
     13410       1770        540        220       8972     904369   Object Totals
         0          0         32          0          0          0   (incl. Generated)
        30          0         11         21          0          0   (incl. Padding)

    ----------------------------------------------------------------------

      Code (inc. data)   RO Data    RW Data    ZI Data      Debug   Library Member Name

         0          0          0          0          0          0   entry.o
         0          0          0          0          0          0   entry10a.o
         0          0          0          0          0          0   entry11a.o
         8          4          0          0          0          0   entry2.o
         4          0          0          0          0          0   entry5.o
         0          0          0          0          0          0   entry7b.o
         0          0          0          0          0          0   entry8b.o
         8          4          0          0          0          0   entry9a.o
        30          0          0          0          0          0   handlers.o
        36          8          0          0          0         68   init.o
        30          0          0          0          0         68   llshl.o
        32          0          0          0          0         68   llushr.o
        36          0          0          0          0        108   memseta.o
        98          0          0          0          0         92   uldiv.o

    ----------------------------------------------------------------------
       282         16          0          0          0        404   Library Totals
         0          0          0          0          0          0   (incl. Padding)

    ----------------------------------------------------------------------

      Code (inc. data)   RO Data    RW Data    ZI Data      Debug   Library Name

       282         16          0          0          0        404   mc_w.l

    ----------------------------------------------------------------------
       282         16          0          0          0        404   Library Totals

    ----------------------------------------------------------------------

==============================================================================


      Code (inc. data)   RO Data    RW Data    ZI Data      Debug   

     13692       1786        540        220       8972     891073   Grand Totals
     13692       1786        540        220       8972     891073   ELF Image Totals
     13692       1786        540        220          0          0   ROM Totals

==============================================================================

    Total RO  Size (Code + RO Data)                14232 (  13.90kB)
    Total RW  Size (RW Data + ZI Data)              9192 (   8.98kB)
    Total ROM Size (Code + RO Data + RW Data)      14452 (  14.11kB)

==============================================================================

